2010.03.08 00:32 B C:\Documents and Settings\ahill\Desktop\PA\pagallery\pagallery\content\bin\images\thumb\KA0Y6527.jpg --> ftp.pausatf.org /public_html/pagallery/pagallery/content/bin/images/thumb KA0Y6527.jpg
2010.03.08 00:32 B C:\Documents and Settings\ahill\Desktop\PA\pagallery\pagallery\content\bin\images\thumb\KA0Y6535.jpg --> ftp.pausatf.org /public_html/pagallery/pagallery/content/bin/images/thumb KA0Y6535.jpg
2010.03.08 00:32 B C:\Documents and Settings\ahill\Desktop\PA\pagallery\pagallery\content\bin\images\thumb\KA0Y6591.jpg --> ftp.pausatf.org /public_html/pagallery/pagallery/content/bin/images/thumb KA0Y6591.jpg
2010.03.08 00:32 B C:\Documents and Settings\ahill\Desktop\PA\pagallery\pagallery\content\bin\images\thumb\KA0Y6748.jpg --> ftp.pausatf.org /public_html/pagallery/pagallery/content/bin/images/thumb KA0Y6748.jpg
2010.03.08 00:32 B C:\Documents and Settings\ahill\Desktop\PA\pagallery\pagallery\content\bin\images\thumb\KA0Y6819.jpg --> ftp.pausatf.org /public_html/pagallery/pagallery/content/bin/images/thumb KA0Y6819.jpg
2010.03.08 00:32 B C:\Documents and Settings\ahill\Desktop\PA\pagallery\pagallery\content\bin\images\thumb\KA0Y6869.jpg --> ftp.pausatf.org /public_html/pagallery/pagallery/content/bin/images/thumb KA0Y6869.jpg
2010.03.08 00:32 B C:\Documents and Settings\ahill\Desktop\PA\pagallery\pagallery\content\bin\images\thumb\KA0Y6877.jpg --> ftp.pausatf.org /public_html/pagallery/pagallery/content/bin/images/thumb KA0Y6877.jpg
2010.03.08 00:32 B C:\Documents and Settings\ahill\Desktop\PA\pagallery\pagallery\content\bin\images\thumb\KA0Y6996.jpg --> ftp.pausatf.org /public_html/pagallery/pagallery/content/bin/images/thumb KA0Y6996.jpg
2010.03.08 00:32 B C:\Documents and Settings\ahill\Desktop\PA\pagallery\pagallery\content\bin\images\thumb\KA0Y7886.jpg --> ftp.pausatf.org /public_html/pagallery/pagallery/content/bin/images/thumb KA0Y7886.jpg
2010.03.08 00:32 B C:\Documents and Settings\ahill\Desktop\PA\pagallery\pagallery\content\bin\images\thumb\KA0Y7896.jpg --> ftp.pausatf.org /public_html/pagallery/pagallery/content/bin/images/thumb KA0Y7896.jpg
2010.03.08 00:32 B C:\Documents and Settings\ahill\Desktop\PA\pagallery\pagallery\content\bin\images\thumb\KA0Y7897.jpg --> ftp.pausatf.org /public_html/pagallery/pagallery/content/bin/images/thumb KA0Y7897.jpg
2010.03.08 00:32 B C:\Documents and Settings\ahill\Desktop\PA\pagallery\pagallery\content\bin\images\thumb\KA0Y7902.jpg --> ftp.pausatf.org /public_html/pagallery/pagallery/content/bin/images/thumb KA0Y7902.jpg
2010.03.08 00:32 B C:\Documents and Settings\ahill\Desktop\PA\pagallery\pagallery\content\bin\images\thumb\KA0Y7906.jpg --> ftp.pausatf.org /public_html/pagallery/pagallery/content/bin/images/thumb KA0Y7906.jpg
2010.03.08 00:32 B C:\Documents and Settings\ahill\Desktop\PA\pagallery\pagallery\content\bin\images\thumb\KA0Y7912.jpg --> ftp.pausatf.org /public_html/pagallery/pagallery/content/bin/images/thumb KA0Y7912.jpg
2010.03.08 00:32 B C:\Documents and Settings\ahill\Desktop\PA\pagallery\pagallery\content\bin\images\thumb\KA0Y7918.jpg --> ftp.pausatf.org /public_html/pagallery/pagallery/content/bin/images/thumb KA0Y7918.jpg
2010.03.08 00:33 B C:\Documents and Settings\ahill\Desktop\PA\pagallery\pagallery\content\bin\images\thumb\KA0Y8039.jpg --> ftp.pausatf.org /public_html/pagallery/pagallery/content/bin/images/thumb KA0Y8039.jpg
2010.03.08 00:33 B C:\Documents and Settings\ahill\Desktop\PA\pagallery\pagallery\content\bin\images\thumb\KA0Y8051.jpg --> ftp.pausatf.org /public_html/pagallery/pagallery/content/bin/images/thumb KA0Y8051.jpg
2010.03.08 00:33 B C:\Documents and Settings\ahill\Desktop\PA\pagallery\pagallery\content\bin\images\thumb\KA0Y8058.jpg --> ftp.pausatf.org /public_html/pagallery/pagallery/content/bin/images/thumb KA0Y8058.jpg
2010.03.08 00:33 B C:\Documents and Settings\ahill\Desktop\PA\pagallery\pagallery\content\bin\images\thumb\KA0Y8072.jpg --> ftp.pausatf.org /public_html/pagallery/pagallery/content/bin/images/thumb KA0Y8072.jpg
2010.03.08 00:33 B C:\Documents and Settings\ahill\Desktop\PA\pagallery\pagallery\content\bin\images\thumb\KA0Y8081.jpg --> ftp.pausatf.org /public_html/pagallery/pagallery/content/bin/images/thumb KA0Y8081.jpg
2010.03.08 00:33 B C:\Documents and Settings\ahill\Desktop\PA\pagallery\pagallery\content\bin\images\thumb\KA0Y8082.jpg --> ftp.pausatf.org /public_html/pagallery/pagallery/content/bin/images/thumb KA0Y8082.jpg
2010.03.08 00:33 B C:\Documents and Settings\ahill\Desktop\PA\pagallery\pagallery\content\bin\images\thumb\KA0Y8109.jpg --> ftp.pausatf.org /public_html/pagallery/pagallery/content/bin/images/thumb KA0Y8109.jpg
2010.03.08 00:33 B C:\Documents and Settings\ahill\Desktop\PA\pagallery\pagallery\content\bin\images\thumb\KA0Y8118.jpg --> ftp.pausatf.org /public_html/pagallery/pagallery/content/bin/images/thumb KA0Y8118.jpg
2010.03.08 00:33 B C:\Documents and Settings\ahill\Desktop\PA\pagallery\pagallery\content\bin\images\thumb\KA0Y8130.jpg --> ftp.pausatf.org /public_html/pagallery/pagallery/content/bin/images/thumb KA0Y8130.jpg
2010.03.08 00:33 B C:\Documents and Settings\ahill\Desktop\PA\pagallery\pagallery\content\bin\images\thumb\KA0Y8146.jpg --> ftp.pausatf.org /public_html/pagallery/pagallery/content/bin/images/thumb KA0Y8146.jpg
2010.03.08 00:33 B C:\Documents and Settings\ahill\Desktop\PA\pagallery\pagallery\content\bin\images\thumb\KA0Y8151.jpg --> ftp.pausatf.org /public_html/pagallery/pagallery/content/bin/images/thumb KA0Y8151.jpg
2010.03.08 00:33 B C:\Documents and Settings\ahill\Desktop\PA\pagallery\pagallery\content\bin\images\thumb\KA0Y8156.jpg --> ftp.pausatf.org /public_html/pagallery/pagallery/content/bin/images/thumb KA0Y8156.jpg
2010.03.08 00:33 B C:\Documents and Settings\ahill\Desktop\PA\pagallery\pagallery\content\bin\images\thumb\KA0Y8162.jpg --> ftp.pausatf.org /public_html/pagallery/pagallery/content/bin/images/thumb KA0Y8162.jpg
2010.03.08 00:33 B C:\Documents and Settings\ahill\Desktop\PA\pagallery\pagallery\content\bin\images\thumb\KA0Y8172.jpg --> ftp.pausatf.org /public_html/pagallery/pagallery/content/bin/images/thumb KA0Y8172.jpg
2010.03.08 00:33 B C:\Documents and Settings\ahill\Desktop\PA\pagallery\pagallery\content\bin\images\thumb\KA0Y8179.jpg --> ftp.pausatf.org /public_html/pagallery/pagallery/content/bin/images/thumb KA0Y8179.jpg
2010.03.08 00:33 B C:\Documents and Settings\ahill\Desktop\PA\pagallery\pagallery\content\bin\images\thumb\KA0Y8181.jpg --> ftp.pausatf.org /public_html/pagallery/pagallery/content/bin/images/thumb KA0Y8181.jpg
2010.03.08 00:33 B C:\Documents and Settings\ahill\Desktop\PA\pagallery\pagallery\content\bin\images\thumb\KA0Y8193.jpg --> ftp.pausatf.org /public_html/pagallery/pagallery/content/bin/images/thumb KA0Y8193.jpg
2010.03.08 00:33 B C:\Documents and Settings\ahill\Desktop\PA\pagallery\pagallery\content\bin\images\thumb\KA0Y8195.jpg --> ftp.pausatf.org /public_html/pagallery/pagallery/content/bin/images/thumb KA0Y8195.jpg
2010.03.08 00:33 B C:\Documents and Settings\ahill\Desktop\PA\pagallery\pagallery\content\bin\images\thumb\KA0Y8201.jpg --> ftp.pausatf.org /public_html/pagallery/pagallery/content/bin/images/thumb KA0Y8201.jpg
2010.03.08 00:33 B C:\Documents and Settings\ahill\Desktop\PA\pagallery\pagallery\content\bin\images\thumb\KA0Y8204.jpg --> ftp.pausatf.org /public_html/pagallery/pagallery/content/bin/images/thumb KA0Y8204.jpg
2010.03.08 00:33 B C:\Documents and Settings\ahill\Desktop\PA\pagallery\pagallery\content\bin\images\thumb\KA0Y8213.jpg --> ftp.pausatf.org /public_html/pagallery/pagallery/content/bin/images/thumb KA0Y8213.jpg
2010.03.08 00:33 B C:\Documents and Settings\ahill\Desktop\PA\pagallery\pagallery\content\bin\images\thumb\KA0Y8225.jpg --> ftp.pausatf.org /public_html/pagallery/pagallery/content/bin/images/thumb KA0Y8225.jpg
2010.03.08 00:33 B C:\Documents and Settings\ahill\Desktop\PA\pagallery\pagallery\content\bin\images\thumb\KA0Y8241.jpg --> ftp.pausatf.org /public_html/pagallery/pagallery/content/bin/images/thumb KA0Y8241.jpg
2010.03.08 00:33 B C:\Documents and Settings\ahill\Desktop\PA\pagallery\pagallery\content\bin\images\thumb\KA0Y8263.jpg --> ftp.pausatf.org /public_html/pagallery/pagallery/content/bin/images/thumb KA0Y8263.jpg
2010.03.08 00:33 B C:\Documents and Settings\ahill\Desktop\PA\pagallery\pagallery\content\bin\images\thumb\KA0Y8274.jpg --> ftp.pausatf.org /public_html/pagallery/pagallery/content/bin/images/thumb KA0Y8274.jpg
2010.03.08 00:33 B C:\Documents and Settings\ahill\Desktop\PA\pagallery\pagallery\content\bin\images\thumb\KA0Y8279.jpg --> ftp.pausatf.org /public_html/pagallery/pagallery/content/bin/images/thumb KA0Y8279.jpg
2010.03.08 00:33 B C:\Documents and Settings\ahill\Desktop\PA\pagallery\pagallery\content\bin\images\thumb\KA0Y8302.jpg --> ftp.pausatf.org /public_html/pagallery/pagallery/content/bin/images/thumb KA0Y8302.jpg
2010.03.08 00:33 B C:\Documents and Settings\ahill\Desktop\PA\pagallery\pagallery\content\bin\images\thumb\KA0Y8308.jpg --> ftp.pausatf.org /public_html/pagallery/pagallery/content/bin/images/thumb KA0Y8308.jpg
2010.03.08 00:33 B C:\Documents and Settings\ahill\Desktop\PA\pagallery\pagallery\content\bin\images\thumb\KA0Y8315.jpg --> ftp.pausatf.org /public_html/pagallery/pagallery/content/bin/images/thumb KA0Y8315.jpg
2010.03.08 00:33 B C:\Documents and Settings\ahill\Desktop\PA\pagallery\pagallery\content\bin\images\thumb\KA0Y8325.jpg --> ftp.pausatf.org /public_html/pagallery/pagallery/content/bin/images/thumb KA0Y8325.jpg
2010.03.08 00:33 B C:\Documents and Settings\ahill\Desktop\PA\pagallery\pagallery\content\bin\images\thumb\KA0Y8353.jpg --> ftp.pausatf.org /public_html/pagallery/pagallery/content/bin/images/thumb KA0Y8353.jpg
2010.03.08 00:33 B C:\Documents and Settings\ahill\Desktop\PA\pagallery\pagallery\content\bin\images\thumb\KA0Y8390.jpg --> ftp.pausatf.org /public_html/pagallery/pagallery/content/bin/images/thumb KA0Y8390.jpg
2010.03.08 00:33 B C:\Documents and Settings\ahill\Desktop\PA\pagallery\pagallery\content\bin\images\thumb\KA0Y8411.jpg --> ftp.pausatf.org /public_html/pagallery/pagallery/content/bin/images/thumb KA0Y8411.jpg
2010.03.08 00:33 B C:\Documents and Settings\ahill\Desktop\PA\pagallery\pagallery\content\bin\images\thumb\KA0Y8436.jpg --> ftp.pausatf.org /public_html/pagallery/pagallery/content/bin/images/thumb KA0Y8436.jpg
2010.03.08 00:33 B C:\Documents and Settings\ahill\Desktop\PA\pagallery\pagallery\content\bin\images\thumb\KA0Y8453.jpg --> ftp.pausatf.org /public_html/pagallery/pagallery/content/bin/images/thumb KA0Y8453.jpg
2010.03.08 00:33 B C:\Documents and Settings\ahill\Desktop\PA\pagallery\pagallery\content\bin\images\thumb\KA0Y8460.jpg --> ftp.pausatf.org /public_html/pagallery/pagallery/content/bin/images/thumb KA0Y8460.jpg
2010.03.08 00:33 B C:\Documents and Settings\ahill\Desktop\PA\pagallery\pagallery\content\bin\images\thumb\KA0Y8488.jpg --> ftp.pausatf.org /public_html/pagallery/pagallery/content/bin/images/thumb KA0Y8488.jpg
2010.03.08 00:33 B C:\Documents and Settings\ahill\Desktop\PA\pagallery\pagallery\content\bin\images\thumb\KA0Y8510.jpg --> ftp.pausatf.org /public_html/pagallery/pagallery/content/bin/images/thumb KA0Y8510.jpg
2010.03.08 00:33 B C:\Documents and Settings\ahill\Desktop\PA\pagallery\pagallery\content\bin\images\thumb\KA0Y8514.jpg --> ftp.pausatf.org /public_html/pagallery/pagallery/content/bin/images/thumb KA0Y8514.jpg
2010.03.08 00:33 B C:\Documents and Settings\ahill\Desktop\PA\pagallery\pagallery\content\bin\images\thumb\KA0Y8534.jpg --> ftp.pausatf.org /public_html/pagallery/pagallery/content/bin/images/thumb KA0Y8534.jpg
2010.03.08 00:33 B C:\Documents and Settings\ahill\Desktop\PA\pagallery\pagallery\content\bin\images\thumb\KA0Y8540.jpg --> ftp.pausatf.org /public_html/pagallery/pagallery/content/bin/images/thumb KA0Y8540.jpg
2010.03.08 00:33 B C:\Documents and Settings\ahill\Desktop\PA\pagallery\pagallery\content\bin\images\thumb\KA0Y8559.jpg --> ftp.pausatf.org /public_html/pagallery/pagallery/content/bin/images/thumb KA0Y8559.jpg
2010.03.08 00:33 B C:\Documents and Settings\ahill\Desktop\PA\pagallery\pagallery\content\bin\images\thumb\KA0Y8575.jpg --> ftp.pausatf.org /public_html/pagallery/pagallery/content/bin/images/thumb KA0Y8575.jpg
2010.03.08 00:33 B C:\Documents and Settings\ahill\Desktop\PA\pagallery\pagallery\content\bin\images\thumb\KA0Y8585.jpg --> ftp.pausatf.org /public_html/pagallery/pagallery/content/bin/images/thumb KA0Y8585.jpg
2010.03.08 00:33 B C:\Documents and Settings\ahill\Desktop\PA\pagallery\pagallery\content\bin\images\thumb\KA0Y8617.jpg --> ftp.pausatf.org /public_html/pagallery/pagallery/content/bin/images/thumb KA0Y8617.jpg
2010.03.08 00:34 B C:\Documents and Settings\ahill\Desktop\PA\pagallery\pagallery\content\bin\images\thumb\KA0Y8634.jpg --> ftp.pausatf.org /public_html/pagallery/pagallery/content/bin/images/thumb KA0Y8634.jpg
2010.03.08 00:34 B C:\Documents and Settings\ahill\Desktop\PA\pagallery\pagallery\content\bin\images\thumb\PACKA0Y7123.jpg --> ftp.pausatf.org /public_html/pagallery/pagallery/content/bin/images/thumb PACKA0Y7123.jpg
2010.03.08 00:34 B C:\Documents and Settings\ahill\Desktop\PA\pagallery\pagallery\content\bin\images\thumb\PACKA0Y7124.jpg --> ftp.pausatf.org /public_html/pagallery/pagallery/content/bin/images/thumb PACKA0Y7124.jpg
2010.03.08 00:34 B C:\Documents and Settings\ahill\Desktop\PA\pagallery\pagallery\content\bin\images\thumb\PACKA0Y7131_800.jpg --> ftp.pausatf.org /public_html/pagallery/pagallery/content/bin/images/thumb PACKA0Y7131_800.jpg
2010.03.08 00:34 B C:\Documents and Settings\ahill\Desktop\PA\pagallery\pagallery\content\bin\images\thumb\PACKA0Y7149_800.jpg --> ftp.pausatf.org /public_html/pagallery/pagallery/content/bin/images/thumb PACKA0Y7149_800.jpg
2010.03.08 00:34 B C:\Documents and Settings\ahill\Desktop\PA\pagallery\pagallery\content\bin\images\thumb\PACKA0Y7152_800.jpg --> ftp.pausatf.org /public_html/pagallery/pagallery/content/bin/images/thumb PACKA0Y7152_800.jpg
2010.03.08 00:34 B C:\Documents and Settings\ahill\Desktop\PA\pagallery\pagallery\content\bin\images\thumb\PACKA0Y7177_800.jpg --> ftp.pausatf.org /public_html/pagallery/pagallery/content/bin/images/thumb PACKA0Y7177_800.jpg
2010.03.08 00:34 B C:\Documents and Settings\ahill\Desktop\PA\pagallery\pagallery\content\bin\images\thumb\PACKA0Y7181_800.jpg --> ftp.pausatf.org /public_html/pagallery/pagallery/content/bin/images/thumb PACKA0Y7181_800.jpg
2010.03.08 00:34 B C:\Documents and Settings\ahill\Desktop\PA\pagallery\pagallery\content\bin\images\thumb\PACKA0Y7188_800.jpg --> ftp.pausatf.org /public_html/pagallery/pagallery/content/bin/images/thumb PACKA0Y7188_800.jpg
2010.03.08 00:34 B C:\Documents and Settings\ahill\Desktop\PA\pagallery\pagallery\content\bin\images\thumb\PACKA0Y7207_800.jpg --> ftp.pausatf.org /public_html/pagallery/pagallery/content/bin/images/thumb PACKA0Y7207_800.jpg
2010.03.08 00:34 B C:\Documents and Settings\ahill\Desktop\PA\pagallery\pagallery\content\bin\images\thumb\PACKA0Y7210_800.jpg --> ftp.pausatf.org /public_html/pagallery/pagallery/content/bin/images/thumb PACKA0Y7210_800.jpg
2010.03.08 00:34 B C:\Documents and Settings\ahill\Desktop\PA\pagallery\pagallery\content\bin\images\thumb\PACKA0Y7227_800.jpg --> ftp.pausatf.org /public_html/pagallery/pagallery/content/bin/images/thumb PACKA0Y7227_800.jpg
2010.03.08 00:34 B C:\Documents and Settings\ahill\Desktop\PA\pagallery\pagallery\content\bin\images\thumb\PACKA0Y7243_800.jpg --> ftp.pausatf.org /public_html/pagallery/pagallery/content/bin/images/thumb PACKA0Y7243_800.jpg
2010.03.08 00:34 B C:\Documents and Settings\ahill\Desktop\PA\pagallery\pagallery\content\bin\images\thumb\PACKA0Y7245_800.jpg --> ftp.pausatf.org /public_html/pagallery/pagallery/content/bin/images/thumb PACKA0Y7245_800.jpg
2010.03.08 00:34 B C:\Documents and Settings\ahill\Desktop\PA\pagallery\pagallery\content\bin\images\thumb\PACKA0Y7247_800.jpg --> ftp.pausatf.org /public_html/pagallery/pagallery/content/bin/images/thumb PACKA0Y7247_800.jpg
2010.03.08 00:34 B C:\Documents and Settings\ahill\Desktop\PA\pagallery\pagallery\content\bin\images\thumb\Picture_311.jpg --> ftp.pausatf.org /public_html/pagallery/pagallery/content/bin/images/thumb Picture_311.jpg
2010.03.08 00:34 B C:\Documents and Settings\ahill\Desktop\PA\pagallery\pagallery\content\bin\images\thumb\Picture_318.jpg --> ftp.pausatf.org /public_html/pagallery/pagallery/content/bin/images/thumb Picture_318.jpg
2010.03.08 00:34 B C:\Documents and Settings\ahill\Desktop\PA\pagallery\pagallery\content\bin\images\thumb\Picture_322.jpg --> ftp.pausatf.org /public_html/pagallery/pagallery/content/bin/images/thumb Picture_322.jpg
2010.03.08 00:34 B C:\Documents and Settings\ahill\Desktop\PA\pagallery\pagallery\content\bin\images\thumb\Picture_323.jpg --> ftp.pausatf.org /public_html/pagallery/pagallery/content/bin/images/thumb Picture_323.jpg
2010.03.08 00:34 B C:\Documents and Settings\ahill\Desktop\PA\pagallery\pagallery\content\bin\images\thumb\Picture_333.jpg --> ftp.pausatf.org /public_html/pagallery/pagallery/content/bin/images/thumb Picture_333.jpg
2010.03.08 00:34 B C:\Documents and Settings\ahill\Desktop\PA\pagallery\pagallery\content\bin\images\thumb\Picture_359.jpg --> ftp.pausatf.org /public_html/pagallery/pagallery/content/bin/images/thumb Picture_359.jpg
2010.03.08 00:34 B C:\Documents and Settings\ahill\Desktop\PA\pagallery\pagallery\content\bin\images\thumb\Picture_362.jpg --> ftp.pausatf.org /public_html/pagallery/pagallery/content/bin/images/thumb Picture_362.jpg
2010.03.08 00:34 B C:\Documents and Settings\ahill\Desktop\PA\pagallery\pagallery\content\bin\images\thumb\Picture_373.jpg --> ftp.pausatf.org /public_html/pagallery/pagallery/content/bin/images/thumb Picture_373.jpg
2010.03.08 00:34 B C:\Documents and Settings\ahill\Desktop\PA\pagallery\pagallery\content\bin\images\thumb\Picture_393.jpg --> ftp.pausatf.org /public_html/pagallery/pagallery/content/bin/images/thumb Picture_393.jpg
2010.03.08 00:34 B C:\Documents and Settings\ahill\Desktop\PA\pagallery\pagallery\content\bin\images\thumb\xcchamp_13.jpg --> ftp.pausatf.org /public_html/pagallery/pagallery/content/bin/images/thumb xcchamp_13.jpg
2010.03.08 00:34 B C:\Documents and Settings\ahill\Desktop\PA\pagallery\pagallery\content\bin\images\thumb\xcchamp_27.jpg --> ftp.pausatf.org /public_html/pagallery/pagallery/content/bin/images/thumb xcchamp_27.jpg
2010.03.08 00:34 B C:\Documents and Settings\ahill\Desktop\PA\pagallery\pagallery\content\bin\images\thumb\xcchamp_78.jpg --> ftp.pausatf.org /public_html/pagallery/pagallery/content/bin/images/thumb xcchamp_78.jpg
2010.03.08 00:34 B C:\Documents and Settings\ahill\Desktop\PA\pagallery\pagallery\content\bin\images\thumb\xcchamp_91.jpg --> ftp.pausatf.org /public_html/pagallery/pagallery/content/bin/images/thumb xcchamp_91.jpg
2010.03.08 01:28 B C:\Documents and Settings\ahill\Desktop\PA\pagallery\content\bin\images\thumb\KA0Y6527.jpg --> ftp.pausatf.org /public_html/pagallery/content/bin/images/thumb KA0Y6527.jpg
2010.03.08 01:28 B C:\Documents and Settings\ahill\Desktop\PA\pagallery\content\bin\images\thumb\KA0Y6535.jpg --> ftp.pausatf.org /public_html/pagallery/content/bin/images/thumb KA0Y6535.jpg
2010.03.08 01:28 B C:\Documents and Settings\ahill\Desktop\PA\pagallery\content\bin\images\thumb\KA0Y6591.jpg --> ftp.pausatf.org /public_html/pagallery/content/bin/images/thumb KA0Y6591.jpg
2010.03.08 01:28 B C:\Documents and Settings\ahill\Desktop\PA\pagallery\content\bin\images\thumb\KA0Y6748.jpg --> ftp.pausatf.org /public_html/pagallery/content/bin/images/thumb KA0Y6748.jpg
2010.03.08 01:28 B C:\Documents and Settings\ahill\Desktop\PA\pagallery\content\bin\images\thumb\KA0Y6819.jpg --> ftp.pausatf.org /public_html/pagallery/content/bin/images/thumb KA0Y6819.jpg
2010.03.08 01:28 B C:\Documents and Settings\ahill\Desktop\PA\pagallery\content\bin\images\thumb\KA0Y6869.jpg --> ftp.pausatf.org /public_html/pagallery/content/bin/images/thumb KA0Y6869.jpg
2010.03.08 01:29 B C:\Documents and Settings\ahill\Desktop\PA\pagallery\content\bin\images\thumb\KA0Y6877.jpg --> ftp.pausatf.org /public_html/pagallery/content/bin/images/thumb KA0Y6877.jpg
2010.03.08 01:29 B C:\Documents and Settings\ahill\Desktop\PA\pagallery\content\bin\images\thumb\KA0Y6996.jpg --> ftp.pausatf.org /public_html/pagallery/content/bin/images/thumb KA0Y6996.jpg
2010.03.08 01:29 B C:\Documents and Settings\ahill\Desktop\PA\pagallery\content\bin\images\thumb\KA0Y7886.jpg --> ftp.pausatf.org /public_html/pagallery/content/bin/images/thumb KA0Y7886.jpg
2010.03.08 01:29 B C:\Documents and Settings\ahill\Desktop\PA\pagallery\content\bin\images\thumb\KA0Y7896.jpg --> ftp.pausatf.org /public_html/pagallery/content/bin/images/thumb KA0Y7896.jpg
2010.03.08 01:29 B C:\Documents and Settings\ahill\Desktop\PA\pagallery\content\bin\images\thumb\KA0Y7897.jpg --> ftp.pausatf.org /public_html/pagallery/content/bin/images/thumb KA0Y7897.jpg
2010.03.08 01:29 B C:\Documents and Settings\ahill\Desktop\PA\pagallery\content\bin\images\thumb\KA0Y7902.jpg --> ftp.pausatf.org /public_html/pagallery/content/bin/images/thumb KA0Y7902.jpg
2010.03.08 01:29 B C:\Documents and Settings\ahill\Desktop\PA\pagallery\content\bin\images\thumb\KA0Y7906.jpg --> ftp.pausatf.org /public_html/pagallery/content/bin/images/thumb KA0Y7906.jpg
2010.03.08 01:29 B C:\Documents and Settings\ahill\Desktop\PA\pagallery\content\bin\images\thumb\KA0Y7912.jpg --> ftp.pausatf.org /public_html/pagallery/content/bin/images/thumb KA0Y7912.jpg
2010.03.08 01:29 B C:\Documents and Settings\ahill\Desktop\PA\pagallery\content\bin\images\thumb\KA0Y7918.jpg --> ftp.pausatf.org /public_html/pagallery/content/bin/images/thumb KA0Y7918.jpg
2010.03.08 01:29 B C:\Documents and Settings\ahill\Desktop\PA\pagallery\content\bin\images\thumb\KA0Y8039.jpg --> ftp.pausatf.org /public_html/pagallery/content/bin/images/thumb KA0Y8039.jpg
2010.03.08 01:29 B C:\Documents and Settings\ahill\Desktop\PA\pagallery\content\bin\images\thumb\KA0Y8051.jpg --> ftp.pausatf.org /public_html/pagallery/content/bin/images/thumb KA0Y8051.jpg
2010.03.08 01:29 B C:\Documents and Settings\ahill\Desktop\PA\pagallery\content\bin\images\thumb\KA0Y8058.jpg --> ftp.pausatf.org /public_html/pagallery/content/bin/images/thumb KA0Y8058.jpg
2010.03.08 01:29 B C:\Documents and Settings\ahill\Desktop\PA\pagallery\content\bin\images\thumb\KA0Y8072.jpg --> ftp.pausatf.org /public_html/pagallery/content/bin/images/thumb KA0Y8072.jpg
2010.03.08 01:29 B C:\Documents and Settings\ahill\Desktop\PA\pagallery\content\bin\images\thumb\KA0Y8081.jpg --> ftp.pausatf.org /public_html/pagallery/content/bin/images/thumb KA0Y8081.jpg
2010.03.08 01:29 B C:\Documents and Settings\ahill\Desktop\PA\pagallery\content\bin\images\thumb\KA0Y8082.jpg --> ftp.pausatf.org /public_html/pagallery/content/bin/images/thumb KA0Y8082.jpg
2010.03.08 01:29 B C:\Documents and Settings\ahill\Desktop\PA\pagallery\content\bin\images\thumb\KA0Y8109.jpg --> ftp.pausatf.org /public_html/pagallery/content/bin/images/thumb KA0Y8109.jpg
2010.03.08 01:29 B C:\Documents and Settings\ahill\Desktop\PA\pagallery\content\bin\images\thumb\KA0Y8118.jpg --> ftp.pausatf.org /public_html/pagallery/content/bin/images/thumb KA0Y8118.jpg
2010.03.08 01:29 B C:\Documents and Settings\ahill\Desktop\PA\pagallery\content\bin\images\thumb\KA0Y8130.jpg --> ftp.pausatf.org /public_html/pagallery/content/bin/images/thumb KA0Y8130.jpg
2010.03.08 01:29 B C:\Documents and Settings\ahill\Desktop\PA\pagallery\content\bin\images\thumb\KA0Y8146.jpg --> ftp.pausatf.org /public_html/pagallery/content/bin/images/thumb KA0Y8146.jpg
2010.03.08 01:29 B C:\Documents and Settings\ahill\Desktop\PA\pagallery\content\bin\images\thumb\KA0Y8151.jpg --> ftp.pausatf.org /public_html/pagallery/content/bin/images/thumb KA0Y8151.jpg
2010.03.08 01:29 B C:\Documents and Settings\ahill\Desktop\PA\pagallery\content\bin\images\thumb\KA0Y8156.jpg --> ftp.pausatf.org /public_html/pagallery/content/bin/images/thumb KA0Y8156.jpg
2010.03.08 01:29 B C:\Documents and Settings\ahill\Desktop\PA\pagallery\content\bin\images\thumb\KA0Y8162.jpg --> ftp.pausatf.org /public_html/pagallery/content/bin/images/thumb KA0Y8162.jpg
2010.03.08 01:29 B C:\Documents and Settings\ahill\Desktop\PA\pagallery\content\bin\images\thumb\KA0Y8172.jpg --> ftp.pausatf.org /public_html/pagallery/content/bin/images/thumb KA0Y8172.jpg
2010.03.08 01:29 B C:\Documents and Settings\ahill\Desktop\PA\pagallery\content\bin\images\thumb\KA0Y8179.jpg --> ftp.pausatf.org /public_html/pagallery/content/bin/images/thumb KA0Y8179.jpg
2010.03.08 01:29 B C:\Documents and Settings\ahill\Desktop\PA\pagallery\content\bin\images\thumb\KA0Y8181.jpg --> ftp.pausatf.org /public_html/pagallery/content/bin/images/thumb KA0Y8181.jpg
2010.03.08 01:29 B C:\Documents and Settings\ahill\Desktop\PA\pagallery\content\bin\images\thumb\KA0Y8193.jpg --> ftp.pausatf.org /public_html/pagallery/content/bin/images/thumb KA0Y8193.jpg
2010.03.08 01:29 B C:\Documents and Settings\ahill\Desktop\PA\pagallery\content\bin\images\thumb\KA0Y8195.jpg --> ftp.pausatf.org /public_html/pagallery/content/bin/images/thumb KA0Y8195.jpg
2010.03.08 01:29 B C:\Documents and Settings\ahill\Desktop\PA\pagallery\content\bin\images\thumb\KA0Y8201.jpg --> ftp.pausatf.org /public_html/pagallery/content/bin/images/thumb KA0Y8201.jpg
2010.03.08 01:29 B C:\Documents and Settings\ahill\Desktop\PA\pagallery\content\bin\images\thumb\KA0Y8204.jpg --> ftp.pausatf.org /public_html/pagallery/content/bin/images/thumb KA0Y8204.jpg
2010.03.08 01:29 B C:\Documents and Settings\ahill\Desktop\PA\pagallery\content\bin\images\thumb\KA0Y8213.jpg --> ftp.pausatf.org /public_html/pagallery/content/bin/images/thumb KA0Y8213.jpg
2010.03.08 01:29 B C:\Documents and Settings\ahill\Desktop\PA\pagallery\content\bin\images\thumb\KA0Y8225.jpg --> ftp.pausatf.org /public_html/pagallery/content/bin/images/thumb KA0Y8225.jpg
2010.03.08 01:29 B C:\Documents and Settings\ahill\Desktop\PA\pagallery\content\bin\images\thumb\KA0Y8241.jpg --> ftp.pausatf.org /public_html/pagallery/content/bin/images/thumb KA0Y8241.jpg
2010.03.08 01:29 B C:\Documents and Settings\ahill\Desktop\PA\pagallery\content\bin\images\thumb\KA0Y8263.jpg --> ftp.pausatf.org /public_html/pagallery/content/bin/images/thumb KA0Y8263.jpg
2010.03.08 01:29 B C:\Documents and Settings\ahill\Desktop\PA\pagallery\content\bin\images\thumb\KA0Y8274.jpg --> ftp.pausatf.org /public_html/pagallery/content/bin/images/thumb KA0Y8274.jpg
2010.03.08 01:29 B C:\Documents and Settings\ahill\Desktop\PA\pagallery\content\bin\images\thumb\KA0Y8279.jpg --> ftp.pausatf.org /public_html/pagallery/content/bin/images/thumb KA0Y8279.jpg
2010.03.08 01:29 B C:\Documents and Settings\ahill\Desktop\PA\pagallery\content\bin\images\thumb\KA0Y8302.jpg --> ftp.pausatf.org /public_html/pagallery/content/bin/images/thumb KA0Y8302.jpg
2010.03.08 01:29 B C:\Documents and Settings\ahill\Desktop\PA\pagallery\content\bin\images\thumb\KA0Y8308.jpg --> ftp.pausatf.org /public_html/pagallery/content/bin/images/thumb KA0Y8308.jpg
2010.03.08 01:29 B C:\Documents and Settings\ahill\Desktop\PA\pagallery\content\bin\images\thumb\KA0Y8315.jpg --> ftp.pausatf.org /public_html/pagallery/content/bin/images/thumb KA0Y8315.jpg
2010.03.08 01:29 B C:\Documents and Settings\ahill\Desktop\PA\pagallery\content\bin\images\thumb\KA0Y8325.jpg --> ftp.pausatf.org /public_html/pagallery/content/bin/images/thumb KA0Y8325.jpg
2010.03.08 01:29 B C:\Documents and Settings\ahill\Desktop\PA\pagallery\content\bin\images\thumb\KA0Y8353.jpg --> ftp.pausatf.org /public_html/pagallery/content/bin/images/thumb KA0Y8353.jpg
2010.03.08 01:29 B C:\Documents and Settings\ahill\Desktop\PA\pagallery\content\bin\images\thumb\KA0Y8390.jpg --> ftp.pausatf.org /public_html/pagallery/content/bin/images/thumb KA0Y8390.jpg
2010.03.08 01:29 B C:\Documents and Settings\ahill\Desktop\PA\pagallery\content\bin\images\thumb\KA0Y8411.jpg --> ftp.pausatf.org /public_html/pagallery/content/bin/images/thumb KA0Y8411.jpg
2010.03.08 01:29 B C:\Documents and Settings\ahill\Desktop\PA\pagallery\content\bin\images\thumb\KA0Y8436.jpg --> ftp.pausatf.org /public_html/pagallery/content/bin/images/thumb KA0Y8436.jpg
2010.03.08 01:29 B C:\Documents and Settings\ahill\Desktop\PA\pagallery\content\bin\images\thumb\KA0Y8453.jpg --> ftp.pausatf.org /public_html/pagallery/content/bin/images/thumb KA0Y8453.jpg
2010.03.08 01:29 B C:\Documents and Settings\ahill\Desktop\PA\pagallery\content\bin\images\thumb\KA0Y8460.jpg --> ftp.pausatf.org /public_html/pagallery/content/bin/images/thumb KA0Y8460.jpg
2010.03.08 01:30 B C:\Documents and Settings\ahill\Desktop\PA\pagallery\content\bin\images\thumb\KA0Y8488.jpg --> ftp.pausatf.org /public_html/pagallery/content/bin/images/thumb KA0Y8488.jpg
2010.03.08 01:30 B C:\Documents and Settings\ahill\Desktop\PA\pagallery\content\bin\images\thumb\KA0Y8510.jpg --> ftp.pausatf.org /public_html/pagallery/content/bin/images/thumb KA0Y8510.jpg
2010.03.08 01:30 B C:\Documents and Settings\ahill\Desktop\PA\pagallery\content\bin\images\thumb\KA0Y8514.jpg --> ftp.pausatf.org /public_html/pagallery/content/bin/images/thumb KA0Y8514.jpg
2010.03.08 01:30 B C:\Documents and Settings\ahill\Desktop\PA\pagallery\content\bin\images\thumb\KA0Y8534.jpg --> ftp.pausatf.org /public_html/pagallery/content/bin/images/thumb KA0Y8534.jpg
2010.03.08 01:30 B C:\Documents and Settings\ahill\Desktop\PA\pagallery\content\bin\images\thumb\KA0Y8540.jpg --> ftp.pausatf.org /public_html/pagallery/content/bin/images/thumb KA0Y8540.jpg
2010.03.08 01:30 B C:\Documents and Settings\ahill\Desktop\PA\pagallery\content\bin\images\thumb\KA0Y8559.jpg --> ftp.pausatf.org /public_html/pagallery/content/bin/images/thumb KA0Y8559.jpg
2010.03.08 01:30 B C:\Documents and Settings\ahill\Desktop\PA\pagallery\content\bin\images\thumb\KA0Y8575.jpg --> ftp.pausatf.org /public_html/pagallery/content/bin/images/thumb KA0Y8575.jpg
2010.03.08 01:30 B C:\Documents and Settings\ahill\Desktop\PA\pagallery\content\bin\images\thumb\KA0Y8585.jpg --> ftp.pausatf.org /public_html/pagallery/content/bin/images/thumb KA0Y8585.jpg
2010.03.08 01:30 B C:\Documents and Settings\ahill\Desktop\PA\pagallery\content\bin\images\thumb\KA0Y8617.jpg --> ftp.pausatf.org /public_html/pagallery/content/bin/images/thumb KA0Y8617.jpg
2010.03.08 01:30 B C:\Documents and Settings\ahill\Desktop\PA\pagallery\content\bin\images\thumb\KA0Y8634.jpg --> ftp.pausatf.org /public_html/pagallery/content/bin/images/thumb KA0Y8634.jpg
2010.03.08 01:30 B C:\Documents and Settings\ahill\Desktop\PA\pagallery\content\bin\images\thumb\PACKA0Y7123.jpg --> ftp.pausatf.org /public_html/pagallery/content/bin/images/thumb PACKA0Y7123.jpg
2010.03.08 01:30 B C:\Documents and Settings\ahill\Desktop\PA\pagallery\content\bin\images\thumb\PACKA0Y7124.jpg --> ftp.pausatf.org /public_html/pagallery/content/bin/images/thumb PACKA0Y7124.jpg
2010.03.08 01:30 B C:\Documents and Settings\ahill\Desktop\PA\pagallery\content\bin\images\thumb\PACKA0Y7131_800.jpg --> ftp.pausatf.org /public_html/pagallery/content/bin/images/thumb PACKA0Y7131_800.jpg
2010.03.08 01:30 B C:\Documents and Settings\ahill\Desktop\PA\pagallery\content\bin\images\thumb\PACKA0Y7149_800.jpg --> ftp.pausatf.org /public_html/pagallery/content/bin/images/thumb PACKA0Y7149_800.jpg
2010.03.08 01:30 B C:\Documents and Settings\ahill\Desktop\PA\pagallery\content\bin\images\thumb\PACKA0Y7152_800.jpg --> ftp.pausatf.org /public_html/pagallery/content/bin/images/thumb PACKA0Y7152_800.jpg
2010.03.08 01:30 B C:\Documents and Settings\ahill\Desktop\PA\pagallery\content\bin\images\thumb\PACKA0Y7177_800.jpg --> ftp.pausatf.org /public_html/pagallery/content/bin/images/thumb PACKA0Y7177_800.jpg
2010.03.08 01:30 B C:\Documents and Settings\ahill\Desktop\PA\pagallery\content\bin\images\thumb\PACKA0Y7181_800.jpg --> ftp.pausatf.org /public_html/pagallery/content/bin/images/thumb PACKA0Y7181_800.jpg
2010.03.08 01:30 B C:\Documents and Settings\ahill\Desktop\PA\pagallery\content\bin\images\thumb\PACKA0Y7188_800.jpg --> ftp.pausatf.org /public_html/pagallery/content/bin/images/thumb PACKA0Y7188_800.jpg
2010.03.08 01:30 B C:\Documents and Settings\ahill\Desktop\PA\pagallery\content\bin\images\thumb\PACKA0Y7207_800.jpg --> ftp.pausatf.org /public_html/pagallery/content/bin/images/thumb PACKA0Y7207_800.jpg
2010.03.08 01:30 B C:\Documents and Settings\ahill\Desktop\PA\pagallery\content\bin\images\thumb\PACKA0Y7210_800.jpg --> ftp.pausatf.org /public_html/pagallery/content/bin/images/thumb PACKA0Y7210_800.jpg
2010.03.08 01:30 B C:\Documents and Settings\ahill\Desktop\PA\pagallery\content\bin\images\thumb\PACKA0Y7227_800.jpg --> ftp.pausatf.org /public_html/pagallery/content/bin/images/thumb PACKA0Y7227_800.jpg
2010.03.08 01:30 B C:\Documents and Settings\ahill\Desktop\PA\pagallery\content\bin\images\thumb\PACKA0Y7243_800.jpg --> ftp.pausatf.org /public_html/pagallery/content/bin/images/thumb PACKA0Y7243_800.jpg
2010.03.08 01:30 B C:\Documents and Settings\ahill\Desktop\PA\pagallery\content\bin\images\thumb\PACKA0Y7245_800.jpg --> ftp.pausatf.org /public_html/pagallery/content/bin/images/thumb PACKA0Y7245_800.jpg
2010.03.08 01:30 B C:\Documents and Settings\ahill\Desktop\PA\pagallery\content\bin\images\thumb\PACKA0Y7247_800.jpg --> ftp.pausatf.org /public_html/pagallery/content/bin/images/thumb PACKA0Y7247_800.jpg
2010.03.08 01:30 B C:\Documents and Settings\ahill\Desktop\PA\pagallery\content\bin\images\thumb\Picture_311.jpg --> ftp.pausatf.org /public_html/pagallery/content/bin/images/thumb Picture_311.jpg
2010.03.08 01:30 B C:\Documents and Settings\ahill\Desktop\PA\pagallery\content\bin\images\thumb\Picture_318.jpg --> ftp.pausatf.org /public_html/pagallery/content/bin/images/thumb Picture_318.jpg
2010.03.08 01:30 B C:\Documents and Settings\ahill\Desktop\PA\pagallery\content\bin\images\thumb\Picture_322.jpg --> ftp.pausatf.org /public_html/pagallery/content/bin/images/thumb Picture_322.jpg
2010.03.08 01:30 B C:\Documents and Settings\ahill\Desktop\PA\pagallery\content\bin\images\thumb\Picture_323.jpg --> ftp.pausatf.org /public_html/pagallery/content/bin/images/thumb Picture_323.jpg
2010.03.08 01:30 B C:\Documents and Settings\ahill\Desktop\PA\pagallery\content\bin\images\thumb\Picture_333.jpg --> ftp.pausatf.org /public_html/pagallery/content/bin/images/thumb Picture_333.jpg
2010.03.08 01:30 B C:\Documents and Settings\ahill\Desktop\PA\pagallery\content\bin\images\thumb\Picture_359.jpg --> ftp.pausatf.org /public_html/pagallery/content/bin/images/thumb Picture_359.jpg
2010.03.08 01:30 B C:\Documents and Settings\ahill\Desktop\PA\pagallery\content\bin\images\thumb\Picture_362.jpg --> ftp.pausatf.org /public_html/pagallery/content/bin/images/thumb Picture_362.jpg
2010.03.08 01:30 B C:\Documents and Settings\ahill\Desktop\PA\pagallery\content\bin\images\thumb\Picture_373.jpg --> ftp.pausatf.org /public_html/pagallery/content/bin/images/thumb Picture_373.jpg
2010.03.08 01:30 B C:\Documents and Settings\ahill\Desktop\PA\pagallery\content\bin\images\thumb\Picture_393.jpg --> ftp.pausatf.org /public_html/pagallery/content/bin/images/thumb Picture_393.jpg
