2012.03.04 23:06 B E:\sbs\images\3_p3.jpg <-- lsitrackclub.com /sbs/images 3_p3.jpg
2012.03.04 23:06 B E:\sbs\images\4_p1_sbs1.jpg <-- lsitrackclub.com /sbs/images 4_p1_sbs1.jpg
2012.03.04 23:06 B E:\sbs\images\4_p1_sbs2 .jpg <-- lsitrackclub.com /sbs/images 4_p1_sbs2 .jpg
2012.03.04 23:06 B E:\sbs\images\4_p1_sbs2.jpg <-- lsitrackclub.com /sbs/images 4_p1_sbs2.jpg
2012.03.04 23:06 B E:\sbs\images\4_p1_sbs3.jpg <-- lsitrackclub.com /sbs/images 4_p1_sbs3.jpg
2012.03.04 23:06 B E:\sbs\images\4_p1_sbs4.jpg <-- lsitrackclub.com /sbs/images 4_p1_sbs4.jpg
2012.03.04 23:06 B E:\sbs\images\4_p1lsi.jpg <-- lsitrackclub.com /sbs/images 4_p1lsi.jpg
2012.03.04 23:06 B E:\sbs\images\aau-logo.jpg <-- lsitrackclub.com /sbs/images aau-logo.jpg
2012.03.04 23:06 B E:\sbs\images\al.jpg <-- lsitrackclub.com /sbs/images al.jpg
2012.03.04 23:06 B E:\sbs\images\al.psd <-- lsitrackclub.com /sbs/images al.psd
2012.03.04 23:06 B E:\sbs\images\al1.jpg <-- lsitrackclub.com /sbs/images al1.jpg
2012.03.04 23:06 B E:\sbs\images\alexbio.jpg <-- lsitrackclub.com /sbs/images alexbio.jpg
2012.03.04 23:06 B E:\sbs\images\allen_johnson_15.jpg <-- lsitrackclub.com /sbs/images allen_johnson_15.jpg
2012.03.04 23:06 B E:\sbs\images\allenjohnson.jpg <-- lsitrackclub.com /sbs/images allenjohnson.jpg
2012.03.04 23:06 B E:\sbs\images\allenjohnson2.jpg <-- lsitrackclub.com /sbs/images allenjohnson2.jpg
2012.03.04 23:06 B E:\sbs\images\allenjohnson3.jpg <-- lsitrackclub.com /sbs/images allenjohnson3.jpg
2012.03.04 23:06 B E:\sbs\images\allenjohnson4.jpg <-- lsitrackclub.com /sbs/images allenjohnson4.jpg
2012.03.04 23:06 B E:\sbs\images\alliekat.jpg <-- lsitrackclub.com /sbs/images alliekat.jpg
2012.03.04 23:07 B E:\sbs\images\alliekat.psd <-- lsitrackclub.com /sbs/images alliekat.psd
2012.03.04 23:07 B E:\sbs\images\Allyson_Felix.jpg <-- lsitrackclub.com /sbs/images Allyson_Felix.jpg
2012.03.04 23:07 B E:\sbs\images\alprofile.jpg <-- lsitrackclub.com /sbs/images alprofile.jpg
2012.03.04 23:07 B E:\sbs\images\alprofile.psd <-- lsitrackclub.com /sbs/images alprofile.psd
2012.03.04 23:07 B E:\sbs\images\amgw.jpg <-- lsitrackclub.com /sbs/images amgw.jpg
2012.03.04 23:07 B E:\sbs\images\amgw1.jpg <-- lsitrackclub.com /sbs/images amgw1.jpg
2012.03.04 23:07 B E:\sbs\images\anv.jpg <-- lsitrackclub.com /sbs/images anv.jpg
2012.03.04 23:07 B E:\sbs\images\asafa.jpg <-- lsitrackclub.com /sbs/images asafa.jpg
2012.03.04 23:07 B E:\sbs\images\athletesprofiles.jpg <-- lsitrackclub.com /sbs/images athletesprofiles.jpg
2012.03.04 23:07 B E:\sbs\images\atonbc.jpg <-- lsitrackclub.com /sbs/images atonbc.jpg
2012.03.04 23:07 B E:\sbs\images\aw.jpg <-- lsitrackclub.com /sbs/images aw.jpg
2012.03.04 23:07 B E:\sbs\images\award04.jpg <-- lsitrackclub.com /sbs/images award04.jpg
2012.03.04 23:07 B E:\sbs\images\awards01.jpg <-- lsitrackclub.com /sbs/images awards01.jpg
2012.03.04 23:07 B E:\sbs\images\awards_header.jpg <-- lsitrackclub.com /sbs/images awards_header.jpg
2012.03.04 23:07 B E:\sbs\images\back.jpg <-- lsitrackclub.com /sbs/images back.jpg
2012.03.04 23:07 B E:\sbs\images\backschedules.jpg <-- lsitrackclub.com /sbs/images backschedules.jpg
2012.03.04 23:07 B E:\sbs\images\backtoinfo.jpg <-- lsitrackclub.com /sbs/images backtoinfo.jpg
2012.03.04 23:07 B E:\sbs\images\backtonews.jpg <-- lsitrackclub.com /sbs/images backtonews.jpg
2012.03.04 23:07 B E:\sbs\images\backtonreg.jpg <-- lsitrackclub.com /sbs/images backtonreg.jpg
2012.03.04 23:07 B E:\sbs\images\backtoschedule.jpg <-- lsitrackclub.com /sbs/images backtoschedule.jpg
2012.03.04 23:07 B E:\sbs\images\byronprofile.psd <-- lsitrackclub.com /sbs/images byronprofile.psd
2012.03.04 23:07 B E:\sbs\images\cabrerafamily.jpg <-- lsitrackclub.com /sbs/images cabrerafamily.jpg
2012.03.04 23:07 B E:\sbs\images\cameronprofile.jpg <-- lsitrackclub.com /sbs/images cameronprofile.jpg
2012.03.04 23:07 B E:\sbs\images\cameronprofile.psd <-- lsitrackclub.com /sbs/images cameronprofile.psd
2012.03.04 23:07 B E:\sbs\images\clipbar.jpg <-- lsitrackclub.com /sbs/images clipbar.jpg
2012.03.04 23:07 B E:\sbs\images\coachal.jpg <-- lsitrackclub.com /sbs/images coachal.jpg
2012.03.04 23:07 B E:\sbs\images\coachalprofile.psd <-- lsitrackclub.com /sbs/images coachalprofile.psd
2012.03.04 23:07 B E:\sbs\images\coachesjournal.jpg <-- lsitrackclub.com /sbs/images coachesjournal.jpg
2012.03.04 23:07 B E:\sbs\images\coachesjournal1.jpg <-- lsitrackclub.com /sbs/images coachesjournal1.jpg
2012.03.04 23:07 B E:\sbs\images\coachesparents.jpg <-- lsitrackclub.com /sbs/images coachesparents.jpg
2012.03.04 23:07 B E:\sbs\images\confirm_header.jpg <-- lsitrackclub.com /sbs/images confirm_header.jpg
2012.03.04 23:07 B E:\sbs\images\contact_header.jpg <-- lsitrackclub.com /sbs/images contact_header.jpg
2012.03.04 23:07 B E:\sbs\images\contacts.jpg <-- lsitrackclub.com /sbs/images contacts.jpg
2012.03.04 23:07 B E:\sbs\images\cydneyprofile.psd <-- lsitrackclub.com /sbs/images cydneyprofile.psd
2012.03.04 23:07 B E:\sbs\images\deadline_header.jpg <-- lsitrackclub.com /sbs/images deadline_header.jpg
2012.03.04 23:07 B E:\sbs\images\e_line.jpg <-- lsitrackclub.com /sbs/images e_line.jpg
2012.03.04 23:07 B E:\sbs\images\enter.jpg <-- lsitrackclub.com /sbs/images enter.jpg
2012.03.04 23:07 B E:\sbs\images\facility_header.jpg <-- lsitrackclub.com /sbs/images facility_header.jpg
2012.03.04 23:07 B E:\sbs\images\features.jpg <-- lsitrackclub.com /sbs/images features.jpg
2012.03.04 23:07 B E:\sbs\images\fees_header.jpg <-- lsitrackclub.com /sbs/images fees_header.jpg
2012.03.04 23:08 B E:\sbs\images\felix.jpg <-- lsitrackclub.com /sbs/images felix.jpg
2012.03.04 23:08 B E:\sbs\images\foto.jpg <-- lsitrackclub.com /sbs/images foto.jpg
2012.03.04 23:08 B E:\sbs\images\foto1.jpg <-- lsitrackclub.com /sbs/images foto1.jpg
2012.03.04 23:08 B E:\sbs\images\fotogallery.jpg <-- lsitrackclub.com /sbs/images fotogallery.jpg
2012.03.04 23:08 B E:\sbs\images\frontpage.jpg <-- lsitrackclub.com /sbs/images frontpage.jpg
2012.03.04 23:08 B E:\sbs\images\frontpage1.jpg <-- lsitrackclub.com /sbs/images frontpage1.jpg
2012.03.04 23:08 B E:\sbs\images\frontpage2.jpg <-- lsitrackclub.com /sbs/images frontpage2.jpg
2012.03.04 23:08 B E:\sbs\images\gipprofile.psd <-- lsitrackclub.com /sbs/images gipprofile.psd
2012.03.04 23:08 B E:\sbs\images\heatsheets_header.jpg <-- lsitrackclub.com /sbs/images heatsheets_header.jpg
2012.03.04 23:08 B E:\sbs\images\Hershey.jpg <-- lsitrackclub.com /sbs/images Hershey.jpg
2012.03.04 23:08 B E:\sbs\images\Hershey_Torch.jpg <-- lsitrackclub.com /sbs/images Hershey_Torch.jpg
2012.03.04 23:08 B E:\sbs\images\hillfamily.jpg <-- lsitrackclub.com /sbs/images hillfamily.jpg
2012.03.04 23:08 B E:\sbs\images\hl.gif <-- lsitrackclub.com /sbs/images hl.gif
2012.03.04 23:08 B E:\sbs\images\holtarenaXXX.jpg <-- lsitrackclub.com /sbs/images holtarenaXXX.jpg
2012.03.04 23:08 B E:\sbs\images\hurdle1.jpg <-- lsitrackclub.com /sbs/images hurdle1.jpg
2012.03.04 23:08 B E:\sbs\images\hurdle2.jpg <-- lsitrackclub.com /sbs/images hurdle2.jpg
2012.03.04 23:08 B E:\sbs\images\hurdle3.jpg <-- lsitrackclub.com /sbs/images hurdle3.jpg
2012.03.04 23:08 B E:\sbs\images\iaaf.jpg <-- lsitrackclub.com /sbs/images iaaf.jpg
2012.03.04 23:08 B E:\sbs\images\Indoor.jpg <-- lsitrackclub.com /sbs/images Indoor.jpg
2012.03.04 23:08 B E:\sbs\images\IndoorTrack.jpg <-- lsitrackclub.com /sbs/images IndoorTrack.jpg
2012.03.04 23:08 B E:\sbs\images\info.jpg <-- lsitrackclub.com /sbs/images info.jpg
2012.03.04 23:08 B E:\sbs\images\Invitational.jpg <-- lsitrackclub.com /sbs/images Invitational.jpg
2012.03.04 23:08 B E:\sbs\images\isc.jpg <-- lsitrackclub.com /sbs/images isc.jpg
2012.03.04 23:08 B E:\sbs\images\journal.gif <-- lsitrackclub.com /sbs/images journal.gif
2012.03.04 23:08 B E:\sbs\images\journal.jpg <-- lsitrackclub.com /sbs/images journal.jpg
2012.03.04 23:08 B E:\sbs\images\journal1.jpg <-- lsitrackclub.com /sbs/images journal1.jpg
2012.03.04 23:08 B E:\sbs\images\KA0Y6510.jpg <-- lsitrackclub.com /sbs/images KA0Y6510.jpg
2012.03.04 23:08 B E:\sbs\images\katie_60h.jpg <-- lsitrackclub.com /sbs/images katie_60h.jpg
2012.03.04 23:08 B E:\sbs\images\katieprofile.psd <-- lsitrackclub.com /sbs/images katieprofile.psd
2012.03.04 23:08 B E:\sbs\images\kp.jpg <-- lsitrackclub.com /sbs/images kp.jpg
2012.03.04 23:08 B E:\sbs\images\l1.jpg <-- lsitrackclub.com /sbs/images l1.jpg
2012.03.04 23:08 B E:\sbs\images\l2.jpg <-- lsitrackclub.com /sbs/images l2.jpg
2012.03.04 23:08 B E:\sbs\images\l3.jpg <-- lsitrackclub.com /sbs/images l3.jpg
2012.03.04 23:08 B E:\sbs\images\left_b.jpg <-- lsitrackclub.com /sbs/images left_b.jpg
2012.03.04 23:08 B E:\sbs\images\left_t.jpg <-- lsitrackclub.com /sbs/images left_t.jpg
2012.03.04 23:08 B E:\sbs\images\lsibanner.jpg <-- lsitrackclub.com /sbs/images lsibanner.jpg
2012.03.04 23:08 B E:\sbs\images\lsibanner01.jpg <-- lsitrackclub.com /sbs/images lsibanner01.jpg
2012.03.04 23:08 B E:\sbs\images\LSIBook.jpg <-- lsitrackclub.com /sbs/images LSIBook.jpg
2012.03.04 23:08 B E:\sbs\images\m1.jpg <-- lsitrackclub.com /sbs/images m1.jpg
2012.03.04 23:08 B E:\sbs\images\m1lsi.jpg <-- lsitrackclub.com /sbs/images m1lsi.jpg
2012.03.04 23:08 B E:\sbs\images\m1sbs.jpg <-- lsitrackclub.com /sbs/images m1sbs.jpg
2012.03.04 23:08 B E:\sbs\images\m2.jpg <-- lsitrackclub.com /sbs/images m2.jpg
2012.03.04 23:08 B E:\sbs\images\m2lsi.jpg <-- lsitrackclub.com /sbs/images m2lsi.jpg
2012.03.04 23:08 B E:\sbs\images\m2sbs.jpg <-- lsitrackclub.com /sbs/images m2sbs.jpg
2012.03.04 23:08 B E:\sbs\images\m3.jpg <-- lsitrackclub.com /sbs/images m3.jpg
2012.03.04 23:08 B E:\sbs\images\m3lsi.jpg <-- lsitrackclub.com /sbs/images m3lsi.jpg
2012.03.04 23:08 B E:\sbs\images\m3sbs.jpg <-- lsitrackclub.com /sbs/images m3sbs.jpg
2012.03.04 23:09 B E:\sbs\images\m4.jpg <-- lsitrackclub.com /sbs/images m4.jpg
2012.03.04 23:09 B E:\sbs\images\m4lsi.jpg <-- lsitrackclub.com /sbs/images m4lsi.jpg
2012.03.04 23:09 B E:\sbs\images\m4sbs.jpg <-- lsitrackclub.com /sbs/images m4sbs.jpg
2012.03.04 23:09 B E:\sbs\images\m4sbs2.jpg <-- lsitrackclub.com /sbs/images m4sbs2.jpg
2012.03.04 23:09 B E:\sbs\images\m5.jpg <-- lsitrackclub.com /sbs/images m5.jpg
2012.03.04 23:09 B E:\sbs\images\m5lsi.jpg <-- lsitrackclub.com /sbs/images m5lsi.jpg
2012.03.04 23:09 B E:\sbs\images\m5sbs.jpg <-- lsitrackclub.com /sbs/images m5sbs.jpg
2012.03.04 23:09 B E:\sbs\images\m6sbs.jpg <-- lsitrackclub.com /sbs/images m6sbs.jpg
2012.03.04 23:09 B E:\sbs\images\marathon.jpg <-- lsitrackclub.com /sbs/images marathon.jpg
2012.03.04 23:09 B E:\sbs\images\meetdirections_header.jpg <-- lsitrackclub.com /sbs/images meetdirections_header.jpg
2012.03.04 23:09 B E:\sbs\images\meetinfo_header.jpg <-- lsitrackclub.com /sbs/images meetinfo_header.jpg
2012.03.04 23:09 B E:\sbs\images\meetpreview_header.jpg <-- lsitrackclub.com /sbs/images meetpreview_header.jpg
2012.03.04 23:09 B E:\sbs\images\meetreg_header.jpg <-- lsitrackclub.com /sbs/images meetreg_header.jpg
2012.03.04 23:09 B E:\sbs\images\meetreservation_header.jpg <-- lsitrackclub.com /sbs/images meetreservation_header.jpg
2012.03.04 23:09 B E:\sbs\images\meetschedule_header.jpg <-- lsitrackclub.com /sbs/images meetschedule_header.jpg
2012.03.04 23:09 B E:\sbs\images\nelms_carter.jpg <-- lsitrackclub.com /sbs/images nelms_carter.jpg
2012.03.04 23:09 B E:\sbs\images\nelmsfamily.jpg <-- lsitrackclub.com /sbs/images nelmsfamily.jpg
2012.03.04 23:09 B E:\sbs\images\news.jpg <-- lsitrackclub.com /sbs/images news.jpg
2012.03.04 23:09 B E:\sbs\images\newsblog.jpg <-- lsitrackclub.com /sbs/images newsblog.jpg
2012.03.04 23:09 B E:\sbs\images\nextnews.jpg <-- lsitrackclub.com /sbs/images nextnews.jpg
2012.03.04 23:09 B E:\sbs\images\obama1.jpg <-- lsitrackclub.com /sbs/images obama1.jpg
2012.03.04 23:09 B E:\sbs\images\obama2.jpg <-- lsitrackclub.com /sbs/images obama2.jpg
2012.03.04 23:09 B E:\sbs\images\p1.gif <-- lsitrackclub.com /sbs/images p1.gif
2012.03.04 23:09 B E:\sbs\images\pa.jpg <-- lsitrackclub.com /sbs/images pa.jpg
2012.03.04 23:09 B E:\sbs\images\packets_header.jpg <-- lsitrackclub.com /sbs/images packets_header.jpg
2012.03.04 23:09 B E:\sbs\images\page.gif <-- lsitrackclub.com /sbs/images page.gif
2012.03.04 23:09 B E:\sbs\images\parking_header.jpg <-- lsitrackclub.com /sbs/images parking_header.jpg
2012.03.04 23:09 B E:\sbs\images\parking_header1.jpg <-- lsitrackclub.com /sbs/images parking_header1.jpg
2012.03.04 23:09 B E:\sbs\images\philosophy.jpg <-- lsitrackclub.com /sbs/images philosophy.jpg
2012.03.04 23:09 B E:\sbs\images\pointer.gif <-- lsitrackclub.com /sbs/images pointer.gif
2012.03.04 23:09 B E:\sbs\images\pointer2.gif <-- lsitrackclub.com /sbs/images pointer2.gif
2012.03.04 23:09 B E:\sbs\images\pointer3.gif <-- lsitrackclub.com /sbs/images pointer3.gif
2012.03.04 23:09 B E:\sbs\images\pointer3.jpg <-- lsitrackclub.com /sbs/images pointer3.jpg
2012.03.04 23:09 B E:\sbs\images\pointer4.gif <-- lsitrackclub.com /sbs/images pointer4.gif
2012.03.04 23:09 B E:\sbs\images\pointer4.jpg <-- lsitrackclub.com /sbs/images pointer4.jpg
2012.03.04 23:09 B E:\sbs\images\practice.jpg <-- lsitrackclub.com /sbs/images practice.jpg
2012.03.04 23:09 B E:\sbs\images\practiceschedules.jpg <-- lsitrackclub.com /sbs/images practiceschedules.jpg
2012.03.04 23:09 B E:\sbs\images\preview.jpg <-- lsitrackclub.com /sbs/images preview.jpg
2012.03.04 23:09 B E:\sbs\images\process_header.jpg <-- lsitrackclub.com /sbs/images process_header.jpg
2012.03.04 23:09 B E:\sbs\images\purvis.jpg <-- lsitrackclub.com /sbs/images purvis.jpg
2012.03.04 23:09 B E:\sbs\images\purvis350.jpg <-- lsitrackclub.com /sbs/images purvis350.jpg
2012.03.04 23:09 B E:\sbs\images\Purvis_JulianQ-USout07.jpg <-- lsitrackclub.com /sbs/images Purvis_JulianQ-USout07.jpg
2012.03.04 23:09 B E:\sbs\images\register.jpg <-- lsitrackclub.com /sbs/images register.jpg
2012.03.04 23:09 B E:\sbs\images\register_header.jpg <-- lsitrackclub.com /sbs/images register_header.jpg
2012.03.04 23:09 B E:\sbs\images\reset.jpg <-- lsitrackclub.com /sbs/images reset.jpg
2012.03.04 23:09 B E:\sbs\images\reviews.jpg <-- lsitrackclub.com /sbs/images reviews.jpg
2012.03.04 23:09 B E:\sbs\images\right_b.jpg <-- lsitrackclub.com /sbs/images right_b.jpg
2012.03.04 23:09 B E:\sbs\images\right_t.jpg <-- lsitrackclub.com /sbs/images right_t.jpg
2012.03.04 23:09 B E:\sbs\images\row1.gif <-- lsitrackclub.com /sbs/images row1.gif
2012.03.04 23:09 B E:\sbs\images\row2_center.jpg <-- lsitrackclub.com /sbs/images row2_center.jpg
2012.03.04 23:09 B E:\sbs\images\row2_left.jpg <-- lsitrackclub.com /sbs/images row2_left.jpg
2012.03.04 23:09 B E:\sbs\images\row2_right.jpg <-- lsitrackclub.com /sbs/images row2_right.jpg
2012.03.04 23:09 B E:\sbs\images\row3.jpg <-- lsitrackclub.com /sbs/images row3.jpg
2012.03.04 23:09 B E:\sbs\images\runsfm.gif <-- lsitrackclub.com /sbs/images runsfm.gif
2012.03.04 23:09 B E:\sbs\images\sbs-2012.jpg <-- lsitrackclub.com /sbs/images sbs-2012.jpg
2012.03.04 23:09 B E:\sbs\images\sbs.jpg <-- lsitrackclub.com /sbs/images sbs.jpg
2012.03.04 23:09 B E:\sbs\images\sbs1.jpg <-- lsitrackclub.com /sbs/images sbs1.jpg
2012.03.04 23:09 B E:\sbs\images\sbs_35.jpg <-- lsitrackclub.com /sbs/images sbs_35.jpg
2012.03.04 23:09 B E:\sbs\images\sbs_header.jpg <-- lsitrackclub.com /sbs/images sbs_header.jpg
2012.03.04 23:09 B E:\sbs\images\sbs_news.jpg <-- lsitrackclub.com /sbs/images sbs_news.jpg
2012.03.04 23:09 B E:\sbs\images\sbs_news1.jpg <-- lsitrackclub.com /sbs/images sbs_news1.jpg
2012.03.04 23:09 B E:\sbs\images\sbs_shorsheppard_35.jpg <-- lsitrackclub.com /sbs/images sbs_shorsheppard_35.jpg
2012.03.04 23:09 B E:\sbs\images\sbun.jpg <-- lsitrackclub.com /sbs/images sbun.jpg
2012.03.04 23:09 B E:\sbs\images\sbunel.jpg <-- lsitrackclub.com /sbs/images sbunel.jpg
2012.03.04 23:09 B E:\sbs\images\schedule.gif <-- lsitrackclub.com /sbs/images schedule.gif
2012.03.04 23:09 B E:\sbs\images\schedule.jpg <-- lsitrackclub.com /sbs/images schedule.jpg
2012.03.04 23:09 B E:\sbs\images\schedule_header.jpg <-- lsitrackclub.com /sbs/images schedule_header.jpg
2012.03.04 23:09 B E:\sbs\images\schedules.jpg <-- lsitrackclub.com /sbs/images schedules.jpg
2012.03.04 23:10 B E:\sbs\images\Sectional.psd <-- lsitrackclub.com /sbs/images Sectional.psd
2012.03.04 23:10 B E:\sbs\images\Sectional1.jpg <-- lsitrackclub.com /sbs/images Sectional1.jpg
2012.03.04 23:10 B E:\sbs\images\Sectional2.jpg <-- lsitrackclub.com /sbs/images Sectional2.jpg
2012.03.04 23:10 B E:\sbs\images\Sectional2.psd <-- lsitrackclub.com /sbs/images Sectional2.psd
2012.03.04 23:10 B E:\sbs\images\Sectional3.jpg <-- lsitrackclub.com /sbs/images Sectional3.jpg
2012.03.04 23:10 B E:\sbs\images\services_07.gif <-- lsitrackclub.com /sbs/images services_07.gif
2012.03.04 23:10 B E:\sbs\images\SheroneSimpson.jpg <-- lsitrackclub.com /sbs/images SheroneSimpson.jpg
2012.03.04 23:10 B E:\sbs\images\slogan.gif <-- lsitrackclub.com /sbs/images slogan.gif
2012.03.04 23:10 B E:\sbs\images\slogan1.gif <-- lsitrackclub.com /sbs/images slogan1.gif
2012.03.04 23:10 B E:\sbs\images\spacer.gif <-- lsitrackclub.com /sbs/images spacer.gif
2012.03.04 23:10 B E:\sbs\images\stadium.jpg <-- lsitrackclub.com /sbs/images stadium.jpg
2012.03.04 23:10 B E:\sbs\images\submit.jpg <-- lsitrackclub.com /sbs/images submit.jpg
2012.03.04 23:10 B E:\sbs\images\superwoman.jpg <-- lsitrackclub.com /sbs/images superwoman.jpg
2012.03.04 23:10 B E:\sbs\images\t1_gatlin.jpg <-- lsitrackclub.com /sbs/images t1_gatlin.jpg
2012.03.04 23:10 B E:\sbs\images\tal_div.gif <-- lsitrackclub.com /sbs/images tal_div.gif
2012.03.04 23:10 B E:\sbs\images\tal_row2.jpg <-- lsitrackclub.com /sbs/images tal_row2.jpg
2012.03.04 23:10 B E:\sbs\images\Thumbs.db <-- lsitrackclub.com /sbs/images Thumbs.db
2012.03.04 23:10 B E:\sbs\images\trackchedule.jpg <-- lsitrackclub.com /sbs/images trackchedule.jpg
2012.03.04 23:10 B E:\sbs\images\trackinfo_header.jpg <-- lsitrackclub.com /sbs/images trackinfo_header.jpg
2012.03.04 23:10 B E:\sbs\images\trainingtip.jpg <-- lsitrackclub.com /sbs/images trainingtip.jpg
2012.03.04 23:10 B E:\sbs\images\trinity.jpg <-- lsitrackclub.com /sbs/images trinity.jpg
2012.03.04 23:11 B E:\sbs\images\typrofile.psd <-- lsitrackclub.com /sbs/images typrofile.psd
2012.03.04 23:11 B E:\sbs\images\USA.jpg <-- lsitrackclub.com /sbs/images USA.jpg
2012.03.04 23:11 B E:\sbs\images\warmup_header.jpg <-- lsitrackclub.com /sbs/images warmup_header.jpg
2012.03.04 23:17 B E:\sbs\images\3_p3.jpg --> pausatf.org /public_html/data/2012/youth/sbs/images 3_p3.jpg
2012.03.04 23:17 B E:\sbs\images\4_p1_sbs1.jpg --> pausatf.org /public_html/data/2012/youth/sbs/images 4_p1_sbs1.jpg
2012.03.04 23:17 B E:\sbs\images\4_p1_sbs2 .jpg --> pausatf.org /public_html/data/2012/youth/sbs/images 4_p1_sbs2 .jpg
2012.03.04 23:17 B E:\sbs\images\4_p1_sbs2.jpg --> pausatf.org /public_html/data/2012/youth/sbs/images 4_p1_sbs2.jpg
2012.03.04 23:17 B E:\sbs\images\4_p1_sbs3.jpg --> pausatf.org /public_html/data/2012/youth/sbs/images 4_p1_sbs3.jpg
2012.03.04 23:17 B E:\sbs\images\4_p1_sbs4.jpg --> pausatf.org /public_html/data/2012/youth/sbs/images 4_p1_sbs4.jpg
2012.03.04 23:17 B E:\sbs\images\4_p1lsi.jpg --> pausatf.org /public_html/data/2012/youth/sbs/images 4_p1lsi.jpg
2012.03.04 23:17 B E:\sbs\images\aau-logo.jpg --> pausatf.org /public_html/data/2012/youth/sbs/images aau-logo.jpg
2012.03.04 23:17 B E:\sbs\images\al.jpg --> pausatf.org /public_html/data/2012/youth/sbs/images al.jpg
2012.03.04 23:17 B E:\sbs\images\al.psd --> pausatf.org /public_html/data/2012/youth/sbs/images al.psd
2012.03.04 23:17 B E:\sbs\images\al1.jpg --> pausatf.org /public_html/data/2012/youth/sbs/images al1.jpg
2012.03.04 23:17 B E:\sbs\images\alexbio.jpg --> pausatf.org /public_html/data/2012/youth/sbs/images alexbio.jpg
2012.03.04 23:17 B E:\sbs\images\allen_johnson_15.jpg --> pausatf.org /public_html/data/2012/youth/sbs/images allen_johnson_15.jpg
2012.03.04 23:17 B E:\sbs\images\allenjohnson.jpg --> pausatf.org /public_html/data/2012/youth/sbs/images allenjohnson.jpg
2012.03.04 23:17 B E:\sbs\images\allenjohnson2.jpg --> pausatf.org /public_html/data/2012/youth/sbs/images allenjohnson2.jpg
2012.03.04 23:17 B E:\sbs\images\allenjohnson3.jpg --> pausatf.org /public_html/data/2012/youth/sbs/images allenjohnson3.jpg
2012.03.04 23:17 B E:\sbs\images\allenjohnson4.jpg --> pausatf.org /public_html/data/2012/youth/sbs/images allenjohnson4.jpg
2012.03.04 23:17 B E:\sbs\images\alliekat.jpg --> pausatf.org /public_html/data/2012/youth/sbs/images alliekat.jpg
2012.03.04 23:18 B E:\sbs\images\alliekat.psd --> pausatf.org /public_html/data/2012/youth/sbs/images alliekat.psd
2012.03.04 23:18 B E:\sbs\images\Allyson_Felix.jpg --> pausatf.org /public_html/data/2012/youth/sbs/images Allyson_Felix.jpg
2012.03.04 23:18 B E:\sbs\images\alprofile.jpg --> pausatf.org /public_html/data/2012/youth/sbs/images alprofile.jpg
2012.03.04 23:18 B E:\sbs\images\alprofile.psd --> pausatf.org /public_html/data/2012/youth/sbs/images alprofile.psd
2012.03.04 23:18 B E:\sbs\images\amgw.jpg --> pausatf.org /public_html/data/2012/youth/sbs/images amgw.jpg
2012.03.04 23:18 B E:\sbs\images\amgw1.jpg --> pausatf.org /public_html/data/2012/youth/sbs/images amgw1.jpg
2012.03.04 23:18 B E:\sbs\images\anv.jpg --> pausatf.org /public_html/data/2012/youth/sbs/images anv.jpg
2012.03.04 23:18 B E:\sbs\images\asafa.jpg --> pausatf.org /public_html/data/2012/youth/sbs/images asafa.jpg
2012.03.04 23:18 B E:\sbs\images\athletesprofiles.jpg --> pausatf.org /public_html/data/2012/youth/sbs/images athletesprofiles.jpg
2012.03.04 23:18 B E:\sbs\images\atonbc.jpg --> pausatf.org /public_html/data/2012/youth/sbs/images atonbc.jpg
2012.03.04 23:18 B E:\sbs\images\aw.jpg --> pausatf.org /public_html/data/2012/youth/sbs/images aw.jpg
2012.03.04 23:18 B E:\sbs\images\award04.jpg --> pausatf.org /public_html/data/2012/youth/sbs/images award04.jpg
2012.03.04 23:18 B E:\sbs\images\awards01.jpg --> pausatf.org /public_html/data/2012/youth/sbs/images awards01.jpg
2012.03.04 23:18 B E:\sbs\images\awards_header.jpg --> pausatf.org /public_html/data/2012/youth/sbs/images awards_header.jpg
2012.03.04 23:18 B E:\sbs\images\back.jpg --> pausatf.org /public_html/data/2012/youth/sbs/images back.jpg
2012.03.04 23:18 B E:\sbs\images\backschedules.jpg --> pausatf.org /public_html/data/2012/youth/sbs/images backschedules.jpg
2012.03.04 23:18 B E:\sbs\images\backtoinfo.jpg --> pausatf.org /public_html/data/2012/youth/sbs/images backtoinfo.jpg
2012.03.04 23:18 B E:\sbs\images\backtonews.jpg --> pausatf.org /public_html/data/2012/youth/sbs/images backtonews.jpg
2012.03.04 23:18 B E:\sbs\images\backtonreg.jpg --> pausatf.org /public_html/data/2012/youth/sbs/images backtonreg.jpg
2012.03.04 23:18 B E:\sbs\images\backtoschedule.jpg --> pausatf.org /public_html/data/2012/youth/sbs/images backtoschedule.jpg
2012.03.04 23:18 B E:\sbs\images\byronprofile.psd --> pausatf.org /public_html/data/2012/youth/sbs/images byronprofile.psd
2012.03.04 23:18 B E:\sbs\images\cabrerafamily.jpg --> pausatf.org /public_html/data/2012/youth/sbs/images cabrerafamily.jpg
2012.03.04 23:18 B E:\sbs\images\cameronprofile.jpg --> pausatf.org /public_html/data/2012/youth/sbs/images cameronprofile.jpg
2012.03.04 23:18 B E:\sbs\images\cameronprofile.psd --> pausatf.org /public_html/data/2012/youth/sbs/images cameronprofile.psd
2012.03.04 23:18 B E:\sbs\images\clipbar.jpg --> pausatf.org /public_html/data/2012/youth/sbs/images clipbar.jpg
2012.03.04 23:18 B E:\sbs\images\coachal.jpg --> pausatf.org /public_html/data/2012/youth/sbs/images coachal.jpg
2012.03.04 23:19 B E:\sbs\images\coachalprofile.psd --> pausatf.org /public_html/data/2012/youth/sbs/images coachalprofile.psd
2012.03.04 23:19 B E:\sbs\images\coachesjournal.jpg --> pausatf.org /public_html/data/2012/youth/sbs/images coachesjournal.jpg
2012.03.04 23:19 B E:\sbs\images\coachesjournal1.jpg --> pausatf.org /public_html/data/2012/youth/sbs/images coachesjournal1.jpg
2012.03.04 23:19 B E:\sbs\images\coachesparents.jpg --> pausatf.org /public_html/data/2012/youth/sbs/images coachesparents.jpg
2012.03.04 23:19 B E:\sbs\images\confirm_header.jpg --> pausatf.org /public_html/data/2012/youth/sbs/images confirm_header.jpg
2012.03.04 23:19 B E:\sbs\images\contact_header.jpg --> pausatf.org /public_html/data/2012/youth/sbs/images contact_header.jpg
2012.03.04 23:19 B E:\sbs\images\contacts.jpg --> pausatf.org /public_html/data/2012/youth/sbs/images contacts.jpg
2012.03.04 23:19 B E:\sbs\images\cydneyprofile.psd --> pausatf.org /public_html/data/2012/youth/sbs/images cydneyprofile.psd
2012.03.04 23:19 B E:\sbs\images\deadline_header.jpg --> pausatf.org /public_html/data/2012/youth/sbs/images deadline_header.jpg
2012.03.04 23:19 B E:\sbs\images\e_line.jpg --> pausatf.org /public_html/data/2012/youth/sbs/images e_line.jpg
2012.03.04 23:19 B E:\sbs\images\enter.jpg --> pausatf.org /public_html/data/2012/youth/sbs/images enter.jpg
2012.03.04 23:19 B E:\sbs\images\facility_header.jpg --> pausatf.org /public_html/data/2012/youth/sbs/images facility_header.jpg
2012.03.04 23:19 B E:\sbs\images\features.jpg --> pausatf.org /public_html/data/2012/youth/sbs/images features.jpg
2012.03.04 23:19 B E:\sbs\images\fees_header.jpg --> pausatf.org /public_html/data/2012/youth/sbs/images fees_header.jpg
2012.03.04 23:19 B E:\sbs\images\felix.jpg --> pausatf.org /public_html/data/2012/youth/sbs/images felix.jpg
2012.03.04 23:19 B E:\sbs\images\foto.jpg --> pausatf.org /public_html/data/2012/youth/sbs/images foto.jpg
2012.03.04 23:19 B E:\sbs\images\foto1.jpg --> pausatf.org /public_html/data/2012/youth/sbs/images foto1.jpg
2012.03.04 23:19 B E:\sbs\images\fotogallery.jpg --> pausatf.org /public_html/data/2012/youth/sbs/images fotogallery.jpg
2012.03.04 23:19 B E:\sbs\images\frontpage.jpg --> pausatf.org /public_html/data/2012/youth/sbs/images frontpage.jpg
2012.03.04 23:19 B E:\sbs\images\frontpage1.jpg --> pausatf.org /public_html/data/2012/youth/sbs/images frontpage1.jpg
2012.03.04 23:19 B E:\sbs\images\frontpage2.jpg --> pausatf.org /public_html/data/2012/youth/sbs/images frontpage2.jpg
2012.03.04 23:19 B E:\sbs\images\gipprofile.psd --> pausatf.org /public_html/data/2012/youth/sbs/images gipprofile.psd
2012.03.04 23:19 B E:\sbs\images\heatsheets_header.jpg --> pausatf.org /public_html/data/2012/youth/sbs/images heatsheets_header.jpg
2012.03.04 23:19 B E:\sbs\images\Hershey.jpg --> pausatf.org /public_html/data/2012/youth/sbs/images Hershey.jpg
2012.03.04 23:19 B E:\sbs\images\Hershey_Torch.jpg --> pausatf.org /public_html/data/2012/youth/sbs/images Hershey_Torch.jpg
2012.03.04 23:19 B E:\sbs\images\hillfamily.jpg --> pausatf.org /public_html/data/2012/youth/sbs/images hillfamily.jpg
2012.03.04 23:19 B E:\sbs\images\hl.gif --> pausatf.org /public_html/data/2012/youth/sbs/images hl.gif
2012.03.04 23:19 B E:\sbs\images\holtarenaXXX.jpg --> pausatf.org /public_html/data/2012/youth/sbs/images holtarenaXXX.jpg
2012.03.04 23:19 B E:\sbs\images\hurdle1.jpg --> pausatf.org /public_html/data/2012/youth/sbs/images hurdle1.jpg
2012.03.04 23:19 B E:\sbs\images\hurdle2.jpg --> pausatf.org /public_html/data/2012/youth/sbs/images hurdle2.jpg
2012.03.04 23:19 B E:\sbs\images\hurdle3.jpg --> pausatf.org /public_html/data/2012/youth/sbs/images hurdle3.jpg
2012.03.04 23:19 B E:\sbs\images\iaaf.jpg --> pausatf.org /public_html/data/2012/youth/sbs/images iaaf.jpg
2012.03.04 23:19 B E:\sbs\images\Indoor.jpg --> pausatf.org /public_html/data/2012/youth/sbs/images Indoor.jpg
2012.03.04 23:19 B E:\sbs\images\IndoorTrack.jpg --> pausatf.org /public_html/data/2012/youth/sbs/images IndoorTrack.jpg
2012.03.04 23:20 B E:\sbs\images\info.jpg --> pausatf.org /public_html/data/2012/youth/sbs/images info.jpg
2012.03.04 23:20 B E:\sbs\images\Invitational.jpg --> pausatf.org /public_html/data/2012/youth/sbs/images Invitational.jpg
2012.03.04 23:20 B E:\sbs\images\isc.jpg --> pausatf.org /public_html/data/2012/youth/sbs/images isc.jpg
2012.03.04 23:20 B E:\sbs\images\journal.gif --> pausatf.org /public_html/data/2012/youth/sbs/images journal.gif
2012.03.04 23:20 B E:\sbs\images\journal.jpg --> pausatf.org /public_html/data/2012/youth/sbs/images journal.jpg
2012.03.04 23:20 B E:\sbs\images\journal1.jpg --> pausatf.org /public_html/data/2012/youth/sbs/images journal1.jpg
2012.03.04 23:20 B E:\sbs\images\KA0Y6510.jpg --> pausatf.org /public_html/data/2012/youth/sbs/images KA0Y6510.jpg
2012.03.04 23:20 B E:\sbs\images\katie_60h.jpg --> pausatf.org /public_html/data/2012/youth/sbs/images katie_60h.jpg
2012.03.04 23:20 B E:\sbs\images\katieprofile.psd --> pausatf.org /public_html/data/2012/youth/sbs/images katieprofile.psd
2012.03.04 23:20 B E:\sbs\images\kp.jpg --> pausatf.org /public_html/data/2012/youth/sbs/images kp.jpg
2012.03.04 23:20 B E:\sbs\images\l1.jpg --> pausatf.org /public_html/data/2012/youth/sbs/images l1.jpg
2012.03.04 23:20 B E:\sbs\images\l2.jpg --> pausatf.org /public_html/data/2012/youth/sbs/images l2.jpg
2012.03.04 23:20 B E:\sbs\images\l3.jpg --> pausatf.org /public_html/data/2012/youth/sbs/images l3.jpg
2012.03.04 23:20 B E:\sbs\images\left_b.jpg --> pausatf.org /public_html/data/2012/youth/sbs/images left_b.jpg
2012.03.04 23:20 B E:\sbs\images\left_t.jpg --> pausatf.org /public_html/data/2012/youth/sbs/images left_t.jpg
2012.03.04 23:20 B E:\sbs\images\lsibanner.jpg --> pausatf.org /public_html/data/2012/youth/sbs/images lsibanner.jpg
2012.03.04 23:20 B E:\sbs\images\lsibanner01.jpg --> pausatf.org /public_html/data/2012/youth/sbs/images lsibanner01.jpg
2012.03.04 23:20 B E:\sbs\images\LSIBook.jpg --> pausatf.org /public_html/data/2012/youth/sbs/images LSIBook.jpg
2012.03.04 23:20 B E:\sbs\images\m1.jpg --> pausatf.org /public_html/data/2012/youth/sbs/images m1.jpg
2012.03.04 23:20 B E:\sbs\images\m1lsi.jpg --> pausatf.org /public_html/data/2012/youth/sbs/images m1lsi.jpg
2012.03.04 23:20 B E:\sbs\images\m1sbs.jpg --> pausatf.org /public_html/data/2012/youth/sbs/images m1sbs.jpg
2012.03.04 23:20 B E:\sbs\images\m2.jpg --> pausatf.org /public_html/data/2012/youth/sbs/images m2.jpg
2012.03.04 23:20 B E:\sbs\images\m2lsi.jpg --> pausatf.org /public_html/data/2012/youth/sbs/images m2lsi.jpg
2012.03.04 23:20 B E:\sbs\images\m2sbs.jpg --> pausatf.org /public_html/data/2012/youth/sbs/images m2sbs.jpg
2012.03.04 23:20 B E:\sbs\images\m3.jpg --> pausatf.org /public_html/data/2012/youth/sbs/images m3.jpg
2012.03.04 23:20 B E:\sbs\images\m3lsi.jpg --> pausatf.org /public_html/data/2012/youth/sbs/images m3lsi.jpg
2012.03.04 23:20 B E:\sbs\images\m3sbs.jpg --> pausatf.org /public_html/data/2012/youth/sbs/images m3sbs.jpg
2012.03.04 23:20 B E:\sbs\images\m4.jpg --> pausatf.org /public_html/data/2012/youth/sbs/images m4.jpg
2012.03.04 23:21 B E:\sbs\images\m4lsi.jpg --> pausatf.org /public_html/data/2012/youth/sbs/images m4lsi.jpg
2012.03.04 23:21 B E:\sbs\images\m4sbs.jpg --> pausatf.org /public_html/data/2012/youth/sbs/images m4sbs.jpg
2012.03.04 23:21 B E:\sbs\images\m4sbs2.jpg --> pausatf.org /public_html/data/2012/youth/sbs/images m4sbs2.jpg
2012.03.04 23:21 B E:\sbs\images\m5.jpg --> pausatf.org /public_html/data/2012/youth/sbs/images m5.jpg
2012.03.04 23:21 B E:\sbs\images\m5lsi.jpg --> pausatf.org /public_html/data/2012/youth/sbs/images m5lsi.jpg
2012.03.04 23:21 B E:\sbs\images\m5sbs.jpg --> pausatf.org /public_html/data/2012/youth/sbs/images m5sbs.jpg
2012.03.04 23:21 B E:\sbs\images\m6sbs.jpg --> pausatf.org /public_html/data/2012/youth/sbs/images m6sbs.jpg
2012.03.04 23:21 B E:\sbs\images\marathon.jpg --> pausatf.org /public_html/data/2012/youth/sbs/images marathon.jpg
2012.03.04 23:21 B E:\sbs\images\meetdirections_header.jpg --> pausatf.org /public_html/data/2012/youth/sbs/images meetdirections_header.jpg
2012.03.04 23:21 B E:\sbs\images\meetinfo_header.jpg --> pausatf.org /public_html/data/2012/youth/sbs/images meetinfo_header.jpg
2012.03.04 23:21 B E:\sbs\images\meetpreview_header.jpg --> pausatf.org /public_html/data/2012/youth/sbs/images meetpreview_header.jpg
2012.03.04 23:21 B E:\sbs\images\meetreg_header.jpg --> pausatf.org /public_html/data/2012/youth/sbs/images meetreg_header.jpg
2012.03.04 23:21 B E:\sbs\images\meetreservation_header.jpg --> pausatf.org /public_html/data/2012/youth/sbs/images meetreservation_header.jpg
2012.03.04 23:21 B E:\sbs\images\meetschedule_header.jpg --> pausatf.org /public_html/data/2012/youth/sbs/images meetschedule_header.jpg
2012.03.04 23:21 B E:\sbs\images\nelms_carter.jpg --> pausatf.org /public_html/data/2012/youth/sbs/images nelms_carter.jpg
2012.03.04 23:21 B E:\sbs\images\nelmsfamily.jpg --> pausatf.org /public_html/data/2012/youth/sbs/images nelmsfamily.jpg
2012.03.04 23:21 B E:\sbs\images\news.jpg --> pausatf.org /public_html/data/2012/youth/sbs/images news.jpg
2012.03.04 23:21 B E:\sbs\images\newsblog.jpg --> pausatf.org /public_html/data/2012/youth/sbs/images newsblog.jpg
2012.03.04 23:21 B E:\sbs\images\nextnews.jpg --> pausatf.org /public_html/data/2012/youth/sbs/images nextnews.jpg
2012.03.04 23:21 B E:\sbs\images\obama1.jpg --> pausatf.org /public_html/data/2012/youth/sbs/images obama1.jpg
2012.03.04 23:21 B E:\sbs\images\obama2.jpg --> pausatf.org /public_html/data/2012/youth/sbs/images obama2.jpg
2012.03.04 23:21 B E:\sbs\images\p1.gif --> pausatf.org /public_html/data/2012/youth/sbs/images p1.gif
2012.03.04 23:21 B E:\sbs\images\pa.jpg --> pausatf.org /public_html/data/2012/youth/sbs/images pa.jpg
2012.03.04 23:21 B E:\sbs\images\packets_header.jpg --> pausatf.org /public_html/data/2012/youth/sbs/images packets_header.jpg
2012.03.04 23:21 B E:\sbs\images\page.gif --> pausatf.org /public_html/data/2012/youth/sbs/images page.gif
2012.03.04 23:21 B E:\sbs\images\parking_header.jpg --> pausatf.org /public_html/data/2012/youth/sbs/images parking_header.jpg
2012.03.04 23:21 B E:\sbs\images\parking_header1.jpg --> pausatf.org /public_html/data/2012/youth/sbs/images parking_header1.jpg
2012.03.04 23:21 B E:\sbs\images\philosophy.jpg --> pausatf.org /public_html/data/2012/youth/sbs/images philosophy.jpg
2012.03.04 23:21 B E:\sbs\images\pointer.gif --> pausatf.org /public_html/data/2012/youth/sbs/images pointer.gif
2012.03.04 23:21 B E:\sbs\images\pointer2.gif --> pausatf.org /public_html/data/2012/youth/sbs/images pointer2.gif
2012.03.04 23:21 B E:\sbs\images\pointer3.gif --> pausatf.org /public_html/data/2012/youth/sbs/images pointer3.gif
2012.03.04 23:21 B E:\sbs\images\pointer3.jpg --> pausatf.org /public_html/data/2012/youth/sbs/images pointer3.jpg
2012.03.04 23:21 B E:\sbs\images\pointer4.gif --> pausatf.org /public_html/data/2012/youth/sbs/images pointer4.gif
2012.03.04 23:21 B E:\sbs\images\pointer4.jpg --> pausatf.org /public_html/data/2012/youth/sbs/images pointer4.jpg
2012.03.04 23:21 B E:\sbs\images\practice.jpg --> pausatf.org /public_html/data/2012/youth/sbs/images practice.jpg
2012.03.04 23:21 B E:\sbs\images\practiceschedules.jpg --> pausatf.org /public_html/data/2012/youth/sbs/images practiceschedules.jpg
2012.03.04 23:21 B E:\sbs\images\preview.jpg --> pausatf.org /public_html/data/2012/youth/sbs/images preview.jpg
2012.03.04 23:21 B E:\sbs\images\process_header.jpg --> pausatf.org /public_html/data/2012/youth/sbs/images process_header.jpg
2012.03.04 23:21 B E:\sbs\images\purvis.jpg --> pausatf.org /public_html/data/2012/youth/sbs/images purvis.jpg
2012.03.04 23:22 B E:\sbs\images\purvis350.jpg --> pausatf.org /public_html/data/2012/youth/sbs/images purvis350.jpg
2012.03.04 23:22 B E:\sbs\images\Purvis_JulianQ-USout07.jpg --> pausatf.org /public_html/data/2012/youth/sbs/images Purvis_JulianQ-USout07.jpg
2012.03.04 23:22 B E:\sbs\images\register.jpg --> pausatf.org /public_html/data/2012/youth/sbs/images register.jpg
2012.03.04 23:22 B E:\sbs\images\register_header.jpg --> pausatf.org /public_html/data/2012/youth/sbs/images register_header.jpg
2012.03.04 23:22 B E:\sbs\images\reset.jpg --> pausatf.org /public_html/data/2012/youth/sbs/images reset.jpg
2012.03.04 23:22 B E:\sbs\images\reviews.jpg --> pausatf.org /public_html/data/2012/youth/sbs/images reviews.jpg
2012.03.04 23:22 B E:\sbs\images\right_b.jpg --> pausatf.org /public_html/data/2012/youth/sbs/images right_b.jpg
2012.03.04 23:22 B E:\sbs\images\right_t.jpg --> pausatf.org /public_html/data/2012/youth/sbs/images right_t.jpg
2012.03.04 23:22 B E:\sbs\images\row1.gif --> pausatf.org /public_html/data/2012/youth/sbs/images row1.gif
2012.03.04 23:22 B E:\sbs\images\row2_center.jpg --> pausatf.org /public_html/data/2012/youth/sbs/images row2_center.jpg
2012.03.04 23:22 B E:\sbs\images\row2_left.jpg --> pausatf.org /public_html/data/2012/youth/sbs/images row2_left.jpg
2012.03.04 23:22 B E:\sbs\images\row2_right.jpg --> pausatf.org /public_html/data/2012/youth/sbs/images row2_right.jpg
2012.03.04 23:22 B E:\sbs\images\row3.jpg --> pausatf.org /public_html/data/2012/youth/sbs/images row3.jpg
2012.03.04 23:22 B E:\sbs\images\runsfm.gif --> pausatf.org /public_html/data/2012/youth/sbs/images runsfm.gif
2012.03.04 23:22 B E:\sbs\images\sbs-2012.jpg --> pausatf.org /public_html/data/2012/youth/sbs/images sbs-2012.jpg
2012.03.04 23:22 B E:\sbs\images\sbs.jpg --> pausatf.org /public_html/data/2012/youth/sbs/images sbs.jpg
2012.03.04 23:22 B E:\sbs\images\sbs1.jpg --> pausatf.org /public_html/data/2012/youth/sbs/images sbs1.jpg
2012.03.04 23:22 B E:\sbs\images\sbs_35.jpg --> pausatf.org /public_html/data/2012/youth/sbs/images sbs_35.jpg
2012.03.04 23:22 B E:\sbs\images\sbs_header.jpg --> pausatf.org /public_html/data/2012/youth/sbs/images sbs_header.jpg
2012.03.04 23:22 B E:\sbs\images\sbs_news.jpg --> pausatf.org /public_html/data/2012/youth/sbs/images sbs_news.jpg
2012.03.04 23:22 B E:\sbs\images\sbs_news1.jpg --> pausatf.org /public_html/data/2012/youth/sbs/images sbs_news1.jpg
2012.03.04 23:22 B E:\sbs\images\sbs_shorsheppard_35.jpg --> pausatf.org /public_html/data/2012/youth/sbs/images sbs_shorsheppard_35.jpg
2012.03.04 23:22 B E:\sbs\images\sbun.jpg --> pausatf.org /public_html/data/2012/youth/sbs/images sbun.jpg
2012.03.04 23:22 B E:\sbs\images\sbunel.jpg --> pausatf.org /public_html/data/2012/youth/sbs/images sbunel.jpg
2012.03.04 23:22 B E:\sbs\images\schedule.gif --> pausatf.org /public_html/data/2012/youth/sbs/images schedule.gif
2012.03.04 23:22 B E:\sbs\images\schedule.jpg --> pausatf.org /public_html/data/2012/youth/sbs/images schedule.jpg
2012.03.04 23:22 B E:\sbs\images\schedule_header.jpg --> pausatf.org /public_html/data/2012/youth/sbs/images schedule_header.jpg
2012.03.04 23:22 B E:\sbs\images\schedules.jpg --> pausatf.org /public_html/data/2012/youth/sbs/images schedules.jpg
2012.03.04 23:22 B E:\sbs\images\Sectional.psd --> pausatf.org /public_html/data/2012/youth/sbs/images Sectional.psd
2012.03.04 23:22 B E:\sbs\images\Sectional1.jpg --> pausatf.org /public_html/data/2012/youth/sbs/images Sectional1.jpg
2012.03.04 23:22 B E:\sbs\images\Sectional2.jpg --> pausatf.org /public_html/data/2012/youth/sbs/images Sectional2.jpg
2012.03.04 23:23 B E:\sbs\images\Sectional2.psd --> pausatf.org /public_html/data/2012/youth/sbs/images Sectional2.psd
2012.03.04 23:24 B E:\sbs\images\Sectional3.jpg --> pausatf.org /public_html/data/2012/youth/sbs/images Sectional3.jpg
2012.03.04 23:24 B E:\sbs\images\services_07.gif --> pausatf.org /public_html/data/2012/youth/sbs/images services_07.gif
2012.03.04 23:24 B E:\sbs\images\SheroneSimpson.jpg --> pausatf.org /public_html/data/2012/youth/sbs/images SheroneSimpson.jpg
2012.03.04 23:24 B E:\sbs\images\slogan.gif --> pausatf.org /public_html/data/2012/youth/sbs/images slogan.gif
2012.03.04 23:24 B E:\sbs\images\slogan1.gif --> pausatf.org /public_html/data/2012/youth/sbs/images slogan1.gif
2012.03.04 23:24 B E:\sbs\images\spacer.gif --> pausatf.org /public_html/data/2012/youth/sbs/images spacer.gif
2012.03.04 23:24 B E:\sbs\images\stadium.jpg --> pausatf.org /public_html/data/2012/youth/sbs/images stadium.jpg
2012.03.04 23:24 B E:\sbs\images\submit.jpg --> pausatf.org /public_html/data/2012/youth/sbs/images submit.jpg
2012.03.04 23:24 B E:\sbs\images\superwoman.jpg --> pausatf.org /public_html/data/2012/youth/sbs/images superwoman.jpg
2012.03.04 23:24 B E:\sbs\images\t1_gatlin.jpg --> pausatf.org /public_html/data/2012/youth/sbs/images t1_gatlin.jpg
2012.03.04 23:24 B E:\sbs\images\tal_div.gif --> pausatf.org /public_html/data/2012/youth/sbs/images tal_div.gif
2012.03.04 23:24 B E:\sbs\images\tal_row2.jpg --> pausatf.org /public_html/data/2012/youth/sbs/images tal_row2.jpg
2012.03.04 23:24 B E:\sbs\images\Thumbs.db --> pausatf.org /public_html/data/2012/youth/sbs/images Thumbs.db
2012.03.04 23:24 B E:\sbs\images\trackchedule.jpg --> pausatf.org /public_html/data/2012/youth/sbs/images trackchedule.jpg
2012.03.04 23:24 B E:\sbs\images\trackinfo_header.jpg --> pausatf.org /public_html/data/2012/youth/sbs/images trackinfo_header.jpg
2012.03.04 23:24 B E:\sbs\images\trainingtip.jpg --> pausatf.org /public_html/data/2012/youth/sbs/images trainingtip.jpg
2012.03.04 23:24 B E:\sbs\images\trinity.jpg --> pausatf.org /public_html/data/2012/youth/sbs/images trinity.jpg
2012.03.04 23:24 B E:\sbs\images\typrofile.psd --> pausatf.org /public_html/data/2012/youth/sbs/images typrofile.psd
2012.03.04 23:24 B E:\sbs\images\USA.jpg --> pausatf.org /public_html/data/2012/youth/sbs/images USA.jpg
2012.03.04 23:24 B E:\sbs\images\warmup_header.jpg --> pausatf.org /public_html/data/2012/youth/sbs/images warmup_header.jpg
