2012.03.04 23:13 B E:\sbs\clif.html <-- lsitrackclub.com /sbs clif.html
2012.03.04 23:13 B E:\sbs\clif1.html <-- lsitrackclub.com /sbs clif1.html
2012.03.04 23:13 B E:\sbs\clif2.html <-- lsitrackclub.com /sbs clif2.html
2012.03.04 23:13 B E:\sbs\clif3.html <-- lsitrackclub.com /sbs clif3.html
2012.03.04 23:13 B E:\sbs\clif4.html <-- lsitrackclub.com /sbs clif4.html
2012.03.04 23:13 B E:\sbs\clif5.html <-- lsitrackclub.com /sbs clif5.html
2012.03.04 23:13 B E:\sbs\clif6.html <-- lsitrackclub.com /sbs clif6.html
2012.03.04 23:13 B E:\sbs\directions.html <-- lsitrackclub.com /sbs directions.html
2012.03.04 23:13 B E:\sbs\gallery.html <-- lsitrackclub.com /sbs gallery.html
2012.03.04 23:13 B E:\sbs\gdform.php <-- lsitrackclub.com /sbs gdform.php
2012.03.04 23:13 B E:\sbs\home.html <-- lsitrackclub.com /sbs home.html
2012.03.04 23:13 B E:\sbs\index-1.html <-- lsitrackclub.com /sbs index-1.html
2012.03.04 23:13 B E:\sbs\index-1a.html <-- lsitrackclub.com /sbs index-1a.html
2012.03.04 23:13 B E:\sbs\index-1b.html <-- lsitrackclub.com /sbs index-1b.html
2012.03.04 23:13 B E:\sbs\index-1c.html <-- lsitrackclub.com /sbs index-1c.html
2012.03.04 23:13 B E:\sbs\index-1d.html <-- lsitrackclub.com /sbs index-1d.html
2012.03.04 23:13 B E:\sbs\index-1e.html <-- lsitrackclub.com /sbs index-1e.html
2012.03.04 23:13 B E:\sbs\index-2.html <-- lsitrackclub.com /sbs index-2.html
2012.03.04 23:13 B E:\sbs\index-3.html <-- lsitrackclub.com /sbs index-3.html
2012.03.04 23:13 B E:\sbs\index-3a.html <-- lsitrackclub.com /sbs index-3a.html
2012.03.04 23:13 B E:\sbs\index-3b.html <-- lsitrackclub.com /sbs index-3b.html
2012.03.04 23:13 B E:\sbs\index-3c.html <-- lsitrackclub.com /sbs index-3c.html
2012.03.04 23:13 B E:\sbs\index-4.html <-- lsitrackclub.com /sbs index-4.html
2012.03.04 23:13 B E:\sbs\index-5.html <-- lsitrackclub.com /sbs index-5.html
2012.03.04 23:13 B E:\sbs\index-6.html <-- lsitrackclub.com /sbs index-6.html
2012.03.04 23:13 B E:\sbs\index.html <-- lsitrackclub.com /sbs index.html
2012.03.04 23:13 B E:\sbs\index_enter.html <-- lsitrackclub.com /sbs index_enter.html
2012.03.04 23:13 B E:\sbs\information.html <-- lsitrackclub.com /sbs information.html
2012.03.04 23:13 B E:\sbs\interviews.html <-- lsitrackclub.com /sbs interviews.html
2012.03.04 23:13 B E:\sbs\meetinfo.html <-- lsitrackclub.com /sbs meetinfo.html
2012.03.04 23:13 B E:\sbs\meetpreview_header.jpg <-- lsitrackclub.com /sbs meetpreview_header.jpg
2012.03.04 23:13 B E:\sbs\meetreg.html <-- lsitrackclub.com /sbs meetreg.html
2012.03.04 23:13 B E:\sbs\news1023.html <-- lsitrackclub.com /sbs news1023.html
2012.03.04 23:14 B E:\sbs\news1026.html <-- lsitrackclub.com /sbs news1026.html
2012.03.04 23:14 B E:\sbs\player.swf <-- lsitrackclub.com /sbs player.swf
2012.03.04 23:14 B E:\sbs\preview.html <-- lsitrackclub.com /sbs preview.html
2012.03.04 23:14 B E:\sbs\reservations.html <-- lsitrackclub.com /sbs reservations.html
2012.03.04 23:14 B E:\sbs\sbs.jpg <-- lsitrackclub.com /sbs sbs.jpg
2012.03.04 23:14 B E:\sbs\sbs1.jpg <-- lsitrackclub.com /sbs sbs1.jpg
2012.03.04 23:14 B E:\sbs\schedule.html <-- lsitrackclub.com /sbs schedule.html
2012.03.04 23:14 B E:\sbs\style.css <-- lsitrackclub.com /sbs style.css
2012.03.04 23:14 B E:\sbs\swfobject.js <-- lsitrackclub.com /sbs swfobject.js
2012.03.04 23:14 B E:\sbs\track1.png <-- lsitrackclub.com /sbs track1.png
2012.03.04 23:28 B E:\sbs\clif.html --> pausatf.org /public_html/data/2012/youth/sbs clif.html
2012.03.04 23:28 B E:\sbs\clif1.html --> pausatf.org /public_html/data/2012/youth/sbs clif1.html
2012.03.04 23:28 B E:\sbs\clif2.html --> pausatf.org /public_html/data/2012/youth/sbs clif2.html
2012.03.04 23:28 B E:\sbs\clif3.html --> pausatf.org /public_html/data/2012/youth/sbs clif3.html
2012.03.04 23:28 B E:\sbs\clif4.html --> pausatf.org /public_html/data/2012/youth/sbs clif4.html
2012.03.04 23:28 B E:\sbs\clif5.html --> pausatf.org /public_html/data/2012/youth/sbs clif5.html
2012.03.04 23:28 B E:\sbs\clif6.html --> pausatf.org /public_html/data/2012/youth/sbs clif6.html
2012.03.04 23:28 B E:\sbs\directions.html --> pausatf.org /public_html/data/2012/youth/sbs directions.html
2012.03.04 23:28 B E:\sbs\gallery.html --> pausatf.org /public_html/data/2012/youth/sbs gallery.html
2012.03.04 23:28 B E:\sbs\gdform.php --> pausatf.org /public_html/data/2012/youth/sbs gdform.php
2012.03.04 23:28 B E:\sbs\home.html --> pausatf.org /public_html/data/2012/youth/sbs home.html
2012.03.04 23:28 B E:\sbs\index-1.html --> pausatf.org /public_html/data/2012/youth/sbs index-1.html
2012.03.04 23:28 B E:\sbs\index-1a.html --> pausatf.org /public_html/data/2012/youth/sbs index-1a.html
2012.03.04 23:28 B E:\sbs\index-1b.html --> pausatf.org /public_html/data/2012/youth/sbs index-1b.html
2012.03.04 23:28 B E:\sbs\index-1c.html --> pausatf.org /public_html/data/2012/youth/sbs index-1c.html
2012.03.04 23:28 B E:\sbs\index-1d.html --> pausatf.org /public_html/data/2012/youth/sbs index-1d.html
2012.03.04 23:28 B E:\sbs\index-1e.html --> pausatf.org /public_html/data/2012/youth/sbs index-1e.html
2012.03.04 23:28 B E:\sbs\index-2.html --> pausatf.org /public_html/data/2012/youth/sbs index-2.html
2012.03.04 23:28 B E:\sbs\index-3.html --> pausatf.org /public_html/data/2012/youth/sbs index-3.html
2012.03.04 23:28 B E:\sbs\index-3a.html --> pausatf.org /public_html/data/2012/youth/sbs index-3a.html
2012.03.04 23:28 B E:\sbs\index-3b.html --> pausatf.org /public_html/data/2012/youth/sbs index-3b.html
2012.03.04 23:28 B E:\sbs\index-3c.html --> pausatf.org /public_html/data/2012/youth/sbs index-3c.html
2012.03.04 23:28 B E:\sbs\index-4.html --> pausatf.org /public_html/data/2012/youth/sbs index-4.html
2012.03.04 23:28 B E:\sbs\index-5.html --> pausatf.org /public_html/data/2012/youth/sbs index-5.html
2012.03.04 23:28 B E:\sbs\index-6.html --> pausatf.org /public_html/data/2012/youth/sbs index-6.html
2012.03.04 23:28 B E:\sbs\index.html --> pausatf.org /public_html/data/2012/youth/sbs index.html
2012.03.04 23:28 B E:\sbs\index_enter.html --> pausatf.org /public_html/data/2012/youth/sbs index_enter.html
2012.03.04 23:28 B E:\sbs\information.html --> pausatf.org /public_html/data/2012/youth/sbs information.html
2012.03.04 23:28 B E:\sbs\interviews.html --> pausatf.org /public_html/data/2012/youth/sbs interviews.html
2012.03.04 23:28 B E:\sbs\meetinfo.html --> pausatf.org /public_html/data/2012/youth/sbs meetinfo.html
2012.03.04 23:28 B E:\sbs\meetpreview_header.jpg --> pausatf.org /public_html/data/2012/youth/sbs meetpreview_header.jpg
2012.03.04 23:28 B E:\sbs\meetreg.html --> pausatf.org /public_html/data/2012/youth/sbs meetreg.html
2012.03.04 23:28 B E:\sbs\news1023.html --> pausatf.org /public_html/data/2012/youth/sbs news1023.html
2012.03.04 23:28 B E:\sbs\news1026.html --> pausatf.org /public_html/data/2012/youth/sbs news1026.html
2012.03.04 23:28 B E:\sbs\player.swf --> pausatf.org /public_html/data/2012/youth/sbs player.swf
2012.03.04 23:29 B E:\sbs\preview.html --> pausatf.org /public_html/data/2012/youth/sbs preview.html
2012.03.04 23:29 B E:\sbs\reservations.html --> pausatf.org /public_html/data/2012/youth/sbs reservations.html
2012.03.04 23:29 B E:\sbs\sbs.jpg --> pausatf.org /public_html/data/2012/youth/sbs sbs.jpg
2012.03.04 23:29 B E:\sbs\sbs1.jpg --> pausatf.org /public_html/data/2012/youth/sbs sbs1.jpg
2012.03.04 23:29 B E:\sbs\schedule.html --> pausatf.org /public_html/data/2012/youth/sbs schedule.html
2012.03.04 23:29 B E:\sbs\style.css --> pausatf.org /public_html/data/2012/youth/sbs style.css
2012.03.04 23:29 B E:\sbs\swfobject.js --> pausatf.org /public_html/data/2012/youth/sbs swfobject.js
2012.03.04 23:29 B E:\sbs\Thumbs.db --> pausatf.org /public_html/data/2012/youth/sbs Thumbs.db
2012.03.04 23:29 B E:\sbs\track1.png --> pausatf.org /public_html/data/2012/youth/sbs track1.png
