2010.03.08 00:34 B C:\Documents and Settings\ahill\Desktop\PA\pagallery\pagallery\content\custom.css --> ftp.pausatf.org /public_html/pagallery/pagallery/content custom.css
2010.03.08 00:34 B C:\Documents and Settings\ahill\Desktop\PA\pagallery\pagallery\content\KA0Y6527_large.html --> ftp.pausatf.org /public_html/pagallery/pagallery/content KA0Y6527_large.html
2010.03.08 00:34 B C:\Documents and Settings\ahill\Desktop\PA\pagallery\pagallery\content\KA0Y6535_large.html --> ftp.pausatf.org /public_html/pagallery/pagallery/content KA0Y6535_large.html
2010.03.08 00:34 B C:\Documents and Settings\ahill\Desktop\PA\pagallery\pagallery\content\KA0Y6591_large.html --> ftp.pausatf.org /public_html/pagallery/pagallery/content KA0Y6591_large.html
2010.03.08 00:34 B C:\Documents and Settings\ahill\Desktop\PA\pagallery\pagallery\content\KA0Y6748_large.html --> ftp.pausatf.org /public_html/pagallery/pagallery/content KA0Y6748_large.html
2010.03.08 00:34 B C:\Documents and Settings\ahill\Desktop\PA\pagallery\pagallery\content\KA0Y6819_large.html --> ftp.pausatf.org /public_html/pagallery/pagallery/content KA0Y6819_large.html
2010.03.08 00:34 B C:\Documents and Settings\ahill\Desktop\PA\pagallery\pagallery\content\KA0Y6869_large.html --> ftp.pausatf.org /public_html/pagallery/pagallery/content KA0Y6869_large.html
2010.03.08 00:34 B C:\Documents and Settings\ahill\Desktop\PA\pagallery\pagallery\content\KA0Y6877_large.html --> ftp.pausatf.org /public_html/pagallery/pagallery/content KA0Y6877_large.html
2010.03.08 00:34 B C:\Documents and Settings\ahill\Desktop\PA\pagallery\pagallery\content\KA0Y6996_large.html --> ftp.pausatf.org /public_html/pagallery/pagallery/content KA0Y6996_large.html
2010.03.08 00:34 B C:\Documents and Settings\ahill\Desktop\PA\pagallery\pagallery\content\KA0Y7886_large.html --> ftp.pausatf.org /public_html/pagallery/pagallery/content KA0Y7886_large.html
2010.03.08 00:34 B C:\Documents and Settings\ahill\Desktop\PA\pagallery\pagallery\content\KA0Y7896_large.html --> ftp.pausatf.org /public_html/pagallery/pagallery/content KA0Y7896_large.html
2010.03.08 00:34 B C:\Documents and Settings\ahill\Desktop\PA\pagallery\pagallery\content\KA0Y7897_large.html --> ftp.pausatf.org /public_html/pagallery/pagallery/content KA0Y7897_large.html
2010.03.08 00:34 B C:\Documents and Settings\ahill\Desktop\PA\pagallery\pagallery\content\KA0Y7902_large.html --> ftp.pausatf.org /public_html/pagallery/pagallery/content KA0Y7902_large.html
2010.03.08 00:34 B C:\Documents and Settings\ahill\Desktop\PA\pagallery\pagallery\content\KA0Y7906_large.html --> ftp.pausatf.org /public_html/pagallery/pagallery/content KA0Y7906_large.html
2010.03.08 00:34 B C:\Documents and Settings\ahill\Desktop\PA\pagallery\pagallery\content\KA0Y7912_large.html --> ftp.pausatf.org /public_html/pagallery/pagallery/content KA0Y7912_large.html
2010.03.08 00:34 B C:\Documents and Settings\ahill\Desktop\PA\pagallery\pagallery\content\KA0Y7918_large.html --> ftp.pausatf.org /public_html/pagallery/pagallery/content KA0Y7918_large.html
2010.03.08 00:34 B C:\Documents and Settings\ahill\Desktop\PA\pagallery\pagallery\content\KA0Y8039_large.html --> ftp.pausatf.org /public_html/pagallery/pagallery/content KA0Y8039_large.html
2010.03.08 00:34 B C:\Documents and Settings\ahill\Desktop\PA\pagallery\pagallery\content\KA0Y8051_large.html --> ftp.pausatf.org /public_html/pagallery/pagallery/content KA0Y8051_large.html
2010.03.08 00:34 B C:\Documents and Settings\ahill\Desktop\PA\pagallery\pagallery\content\KA0Y8058_large.html --> ftp.pausatf.org /public_html/pagallery/pagallery/content KA0Y8058_large.html
2010.03.08 00:35 B C:\Documents and Settings\ahill\Desktop\PA\pagallery\pagallery\content\KA0Y8072_large.html --> ftp.pausatf.org /public_html/pagallery/pagallery/content KA0Y8072_large.html
2010.03.08 00:35 B C:\Documents and Settings\ahill\Desktop\PA\pagallery\pagallery\content\KA0Y8081_large.html --> ftp.pausatf.org /public_html/pagallery/pagallery/content KA0Y8081_large.html
2010.03.08 00:35 B C:\Documents and Settings\ahill\Desktop\PA\pagallery\pagallery\content\KA0Y8082_large.html --> ftp.pausatf.org /public_html/pagallery/pagallery/content KA0Y8082_large.html
2010.03.08 00:35 B C:\Documents and Settings\ahill\Desktop\PA\pagallery\pagallery\content\KA0Y8109_large.html --> ftp.pausatf.org /public_html/pagallery/pagallery/content KA0Y8109_large.html
2010.03.08 00:35 B C:\Documents and Settings\ahill\Desktop\PA\pagallery\pagallery\content\KA0Y8118_large.html --> ftp.pausatf.org /public_html/pagallery/pagallery/content KA0Y8118_large.html
2010.03.08 00:35 B C:\Documents and Settings\ahill\Desktop\PA\pagallery\pagallery\content\KA0Y8130_large.html --> ftp.pausatf.org /public_html/pagallery/pagallery/content KA0Y8130_large.html
2010.03.08 00:35 B C:\Documents and Settings\ahill\Desktop\PA\pagallery\pagallery\content\KA0Y8146_large.html --> ftp.pausatf.org /public_html/pagallery/pagallery/content KA0Y8146_large.html
2010.03.08 00:35 B C:\Documents and Settings\ahill\Desktop\PA\pagallery\pagallery\content\KA0Y8151_large.html --> ftp.pausatf.org /public_html/pagallery/pagallery/content KA0Y8151_large.html
2010.03.08 00:35 B C:\Documents and Settings\ahill\Desktop\PA\pagallery\pagallery\content\KA0Y8156_large.html --> ftp.pausatf.org /public_html/pagallery/pagallery/content KA0Y8156_large.html
2010.03.08 00:35 B C:\Documents and Settings\ahill\Desktop\PA\pagallery\pagallery\content\KA0Y8162_large.html --> ftp.pausatf.org /public_html/pagallery/pagallery/content KA0Y8162_large.html
2010.03.08 00:35 B C:\Documents and Settings\ahill\Desktop\PA\pagallery\pagallery\content\KA0Y8172_large.html --> ftp.pausatf.org /public_html/pagallery/pagallery/content KA0Y8172_large.html
2010.03.08 00:35 B C:\Documents and Settings\ahill\Desktop\PA\pagallery\pagallery\content\KA0Y8179_large.html --> ftp.pausatf.org /public_html/pagallery/pagallery/content KA0Y8179_large.html
2010.03.08 00:35 B C:\Documents and Settings\ahill\Desktop\PA\pagallery\pagallery\content\KA0Y8181_large.html --> ftp.pausatf.org /public_html/pagallery/pagallery/content KA0Y8181_large.html
2010.03.08 00:35 B C:\Documents and Settings\ahill\Desktop\PA\pagallery\pagallery\content\KA0Y8193_large.html --> ftp.pausatf.org /public_html/pagallery/pagallery/content KA0Y8193_large.html
2010.03.08 00:35 B C:\Documents and Settings\ahill\Desktop\PA\pagallery\pagallery\content\KA0Y8195_large.html --> ftp.pausatf.org /public_html/pagallery/pagallery/content KA0Y8195_large.html
2010.03.08 00:35 B C:\Documents and Settings\ahill\Desktop\PA\pagallery\pagallery\content\KA0Y8201_large.html --> ftp.pausatf.org /public_html/pagallery/pagallery/content KA0Y8201_large.html
2010.03.08 00:35 B C:\Documents and Settings\ahill\Desktop\PA\pagallery\pagallery\content\KA0Y8204_large.html --> ftp.pausatf.org /public_html/pagallery/pagallery/content KA0Y8204_large.html
2010.03.08 00:35 B C:\Documents and Settings\ahill\Desktop\PA\pagallery\pagallery\content\KA0Y8213_large.html --> ftp.pausatf.org /public_html/pagallery/pagallery/content KA0Y8213_large.html
2010.03.08 00:35 B C:\Documents and Settings\ahill\Desktop\PA\pagallery\pagallery\content\KA0Y8225_large.html --> ftp.pausatf.org /public_html/pagallery/pagallery/content KA0Y8225_large.html
2010.03.08 00:35 B C:\Documents and Settings\ahill\Desktop\PA\pagallery\pagallery\content\KA0Y8241_large.html --> ftp.pausatf.org /public_html/pagallery/pagallery/content KA0Y8241_large.html
2010.03.08 00:35 B C:\Documents and Settings\ahill\Desktop\PA\pagallery\pagallery\content\KA0Y8263_large.html --> ftp.pausatf.org /public_html/pagallery/pagallery/content KA0Y8263_large.html
2010.03.08 00:35 B C:\Documents and Settings\ahill\Desktop\PA\pagallery\pagallery\content\KA0Y8274_large.html --> ftp.pausatf.org /public_html/pagallery/pagallery/content KA0Y8274_large.html
2010.03.08 00:35 B C:\Documents and Settings\ahill\Desktop\PA\pagallery\pagallery\content\KA0Y8279_large.html --> ftp.pausatf.org /public_html/pagallery/pagallery/content KA0Y8279_large.html
2010.03.08 00:35 B C:\Documents and Settings\ahill\Desktop\PA\pagallery\pagallery\content\KA0Y8302_large.html --> ftp.pausatf.org /public_html/pagallery/pagallery/content KA0Y8302_large.html
2010.03.08 00:35 B C:\Documents and Settings\ahill\Desktop\PA\pagallery\pagallery\content\KA0Y8308_large.html --> ftp.pausatf.org /public_html/pagallery/pagallery/content KA0Y8308_large.html
2010.03.08 00:35 B C:\Documents and Settings\ahill\Desktop\PA\pagallery\pagallery\content\KA0Y8315_large.html --> ftp.pausatf.org /public_html/pagallery/pagallery/content KA0Y8315_large.html
2010.03.08 00:35 B C:\Documents and Settings\ahill\Desktop\PA\pagallery\pagallery\content\KA0Y8325_large.html --> ftp.pausatf.org /public_html/pagallery/pagallery/content KA0Y8325_large.html
2010.03.08 00:35 B C:\Documents and Settings\ahill\Desktop\PA\pagallery\pagallery\content\KA0Y8353_large.html --> ftp.pausatf.org /public_html/pagallery/pagallery/content KA0Y8353_large.html
2010.03.08 00:35 B C:\Documents and Settings\ahill\Desktop\PA\pagallery\pagallery\content\KA0Y8390_large.html --> ftp.pausatf.org /public_html/pagallery/pagallery/content KA0Y8390_large.html
2010.03.08 00:35 B C:\Documents and Settings\ahill\Desktop\PA\pagallery\pagallery\content\KA0Y8411_large.html --> ftp.pausatf.org /public_html/pagallery/pagallery/content KA0Y8411_large.html
2010.03.08 00:35 B C:\Documents and Settings\ahill\Desktop\PA\pagallery\pagallery\content\KA0Y8436_large.html --> ftp.pausatf.org /public_html/pagallery/pagallery/content KA0Y8436_large.html
2010.03.08 00:35 B C:\Documents and Settings\ahill\Desktop\PA\pagallery\pagallery\content\KA0Y8453_large.html --> ftp.pausatf.org /public_html/pagallery/pagallery/content KA0Y8453_large.html
2010.03.08 00:35 B C:\Documents and Settings\ahill\Desktop\PA\pagallery\pagallery\content\KA0Y8460_large.html --> ftp.pausatf.org /public_html/pagallery/pagallery/content KA0Y8460_large.html
2010.03.08 00:35 B C:\Documents and Settings\ahill\Desktop\PA\pagallery\pagallery\content\KA0Y8488_large.html --> ftp.pausatf.org /public_html/pagallery/pagallery/content KA0Y8488_large.html
2010.03.08 00:35 B C:\Documents and Settings\ahill\Desktop\PA\pagallery\pagallery\content\KA0Y8510_large.html --> ftp.pausatf.org /public_html/pagallery/pagallery/content KA0Y8510_large.html
2010.03.08 00:35 B C:\Documents and Settings\ahill\Desktop\PA\pagallery\pagallery\content\KA0Y8514_large.html --> ftp.pausatf.org /public_html/pagallery/pagallery/content KA0Y8514_large.html
2010.03.08 00:35 B C:\Documents and Settings\ahill\Desktop\PA\pagallery\pagallery\content\KA0Y8534_large.html --> ftp.pausatf.org /public_html/pagallery/pagallery/content KA0Y8534_large.html
2010.03.08 00:35 B C:\Documents and Settings\ahill\Desktop\PA\pagallery\pagallery\content\KA0Y8540_large.html --> ftp.pausatf.org /public_html/pagallery/pagallery/content KA0Y8540_large.html
2010.03.08 00:35 B C:\Documents and Settings\ahill\Desktop\PA\pagallery\pagallery\content\KA0Y8559_large.html --> ftp.pausatf.org /public_html/pagallery/pagallery/content KA0Y8559_large.html
2010.03.08 00:35 B C:\Documents and Settings\ahill\Desktop\PA\pagallery\pagallery\content\KA0Y8575_large.html --> ftp.pausatf.org /public_html/pagallery/pagallery/content KA0Y8575_large.html
2010.03.08 00:35 B C:\Documents and Settings\ahill\Desktop\PA\pagallery\pagallery\content\KA0Y8585_large.html --> ftp.pausatf.org /public_html/pagallery/pagallery/content KA0Y8585_large.html
2010.03.08 00:35 B C:\Documents and Settings\ahill\Desktop\PA\pagallery\pagallery\content\KA0Y8617_large.html --> ftp.pausatf.org /public_html/pagallery/pagallery/content KA0Y8617_large.html
2010.03.08 00:35 B C:\Documents and Settings\ahill\Desktop\PA\pagallery\pagallery\content\KA0Y8634_large.html --> ftp.pausatf.org /public_html/pagallery/pagallery/content KA0Y8634_large.html
2010.03.08 00:35 B C:\Documents and Settings\ahill\Desktop\PA\pagallery\pagallery\content\logo.png --> ftp.pausatf.org /public_html/pagallery/pagallery/content logo.png
2010.03.08 00:35 B C:\Documents and Settings\ahill\Desktop\PA\pagallery\pagallery\content\PACKA0Y7123_large.html --> ftp.pausatf.org /public_html/pagallery/pagallery/content PACKA0Y7123_large.html
2010.03.08 00:35 B C:\Documents and Settings\ahill\Desktop\PA\pagallery\pagallery\content\PACKA0Y7124_large.html --> ftp.pausatf.org /public_html/pagallery/pagallery/content PACKA0Y7124_large.html
2010.03.08 00:35 B C:\Documents and Settings\ahill\Desktop\PA\pagallery\pagallery\content\PACKA0Y7131_800_large.html --> ftp.pausatf.org /public_html/pagallery/pagallery/content PACKA0Y7131_800_large.html
2010.03.08 00:35 B C:\Documents and Settings\ahill\Desktop\PA\pagallery\pagallery\content\PACKA0Y7149_800_large.html --> ftp.pausatf.org /public_html/pagallery/pagallery/content PACKA0Y7149_800_large.html
2010.03.08 00:35 B C:\Documents and Settings\ahill\Desktop\PA\pagallery\pagallery\content\PACKA0Y7152_800_large.html --> ftp.pausatf.org /public_html/pagallery/pagallery/content PACKA0Y7152_800_large.html
2010.03.08 00:35 B C:\Documents and Settings\ahill\Desktop\PA\pagallery\pagallery\content\PACKA0Y7177_800_large.html --> ftp.pausatf.org /public_html/pagallery/pagallery/content PACKA0Y7177_800_large.html
2010.03.08 00:35 B C:\Documents and Settings\ahill\Desktop\PA\pagallery\pagallery\content\PACKA0Y7181_800_large.html --> ftp.pausatf.org /public_html/pagallery/pagallery/content PACKA0Y7181_800_large.html
2010.03.08 00:35 B C:\Documents and Settings\ahill\Desktop\PA\pagallery\pagallery\content\PACKA0Y7188_800_large.html --> ftp.pausatf.org /public_html/pagallery/pagallery/content PACKA0Y7188_800_large.html
2010.03.08 00:35 B C:\Documents and Settings\ahill\Desktop\PA\pagallery\pagallery\content\PACKA0Y7207_800_large.html --> ftp.pausatf.org /public_html/pagallery/pagallery/content PACKA0Y7207_800_large.html
2010.03.08 00:35 B C:\Documents and Settings\ahill\Desktop\PA\pagallery\pagallery\content\PACKA0Y7210_800_large.html --> ftp.pausatf.org /public_html/pagallery/pagallery/content PACKA0Y7210_800_large.html
2010.03.08 00:35 B C:\Documents and Settings\ahill\Desktop\PA\pagallery\pagallery\content\PACKA0Y7227_800_large.html --> ftp.pausatf.org /public_html/pagallery/pagallery/content PACKA0Y7227_800_large.html
2010.03.08 00:35 B C:\Documents and Settings\ahill\Desktop\PA\pagallery\pagallery\content\PACKA0Y7243_800_large.html --> ftp.pausatf.org /public_html/pagallery/pagallery/content PACKA0Y7243_800_large.html
2010.03.08 00:35 B C:\Documents and Settings\ahill\Desktop\PA\pagallery\pagallery\content\PACKA0Y7245_800_large.html --> ftp.pausatf.org /public_html/pagallery/pagallery/content PACKA0Y7245_800_large.html
2010.03.08 00:35 B C:\Documents and Settings\ahill\Desktop\PA\pagallery\pagallery\content\PACKA0Y7247_800_large.html --> ftp.pausatf.org /public_html/pagallery/pagallery/content PACKA0Y7247_800_large.html
2010.03.08 00:35 B C:\Documents and Settings\ahill\Desktop\PA\pagallery\pagallery\content\Picture_311_large.html --> ftp.pausatf.org /public_html/pagallery/pagallery/content Picture_311_large.html
2010.03.08 00:36 B C:\Documents and Settings\ahill\Desktop\PA\pagallery\pagallery\content\Picture_318_large.html --> ftp.pausatf.org /public_html/pagallery/pagallery/content Picture_318_large.html
2010.03.08 00:36 B C:\Documents and Settings\ahill\Desktop\PA\pagallery\pagallery\content\Picture_322_large.html --> ftp.pausatf.org /public_html/pagallery/pagallery/content Picture_322_large.html
2010.03.08 00:36 B C:\Documents and Settings\ahill\Desktop\PA\pagallery\pagallery\content\Picture_323_large.html --> ftp.pausatf.org /public_html/pagallery/pagallery/content Picture_323_large.html
2010.03.08 00:36 B C:\Documents and Settings\ahill\Desktop\PA\pagallery\pagallery\content\Picture_333_large.html --> ftp.pausatf.org /public_html/pagallery/pagallery/content Picture_333_large.html
2010.03.08 00:36 B C:\Documents and Settings\ahill\Desktop\PA\pagallery\pagallery\content\Picture_359_large.html --> ftp.pausatf.org /public_html/pagallery/pagallery/content Picture_359_large.html
2010.03.08 00:36 B C:\Documents and Settings\ahill\Desktop\PA\pagallery\pagallery\content\Picture_362_large.html --> ftp.pausatf.org /public_html/pagallery/pagallery/content Picture_362_large.html
2010.03.08 00:36 B C:\Documents and Settings\ahill\Desktop\PA\pagallery\pagallery\content\Picture_373_large.html --> ftp.pausatf.org /public_html/pagallery/pagallery/content Picture_373_large.html
2010.03.08 00:36 B C:\Documents and Settings\ahill\Desktop\PA\pagallery\pagallery\content\Picture_393_large.html --> ftp.pausatf.org /public_html/pagallery/pagallery/content Picture_393_large.html
2010.03.08 00:36 B C:\Documents and Settings\ahill\Desktop\PA\pagallery\pagallery\content\xcchamp_13_large.html --> ftp.pausatf.org /public_html/pagallery/pagallery/content xcchamp_13_large.html
2010.03.08 00:36 B C:\Documents and Settings\ahill\Desktop\PA\pagallery\pagallery\content\xcchamp_27_large.html --> ftp.pausatf.org /public_html/pagallery/pagallery/content xcchamp_27_large.html
2010.03.08 00:36 B C:\Documents and Settings\ahill\Desktop\PA\pagallery\pagallery\content\xcchamp_78_large.html --> ftp.pausatf.org /public_html/pagallery/pagallery/content xcchamp_78_large.html
2010.03.08 00:36 B C:\Documents and Settings\ahill\Desktop\PA\pagallery\pagallery\content\xcchamp_91_large.html --> ftp.pausatf.org /public_html/pagallery/pagallery/content xcchamp_91_large.html
2010.03.08 01:30 B C:\Documents and Settings\ahill\Desktop\PA\pagallery\content\custom.css --> ftp.pausatf.org /public_html/pagallery/content custom.css
2010.03.08 01:30 B C:\Documents and Settings\ahill\Desktop\PA\pagallery\content\KA0Y6527_large.html --> ftp.pausatf.org /public_html/pagallery/content KA0Y6527_large.html
2010.03.08 01:30 B C:\Documents and Settings\ahill\Desktop\PA\pagallery\content\KA0Y6535_large.html --> ftp.pausatf.org /public_html/pagallery/content KA0Y6535_large.html
2010.03.08 01:30 B C:\Documents and Settings\ahill\Desktop\PA\pagallery\content\KA0Y6591_large.html --> ftp.pausatf.org /public_html/pagallery/content KA0Y6591_large.html
2010.03.08 01:31 B C:\Documents and Settings\ahill\Desktop\PA\pagallery\content\KA0Y6748_large.html --> ftp.pausatf.org /public_html/pagallery/content KA0Y6748_large.html
2010.03.08 01:31 B C:\Documents and Settings\ahill\Desktop\PA\pagallery\content\KA0Y6819_large.html --> ftp.pausatf.org /public_html/pagallery/content KA0Y6819_large.html
2010.03.08 01:31 B C:\Documents and Settings\ahill\Desktop\PA\pagallery\content\KA0Y6869_large.html --> ftp.pausatf.org /public_html/pagallery/content KA0Y6869_large.html
2010.03.08 01:31 B C:\Documents and Settings\ahill\Desktop\PA\pagallery\content\KA0Y6877_large.html --> ftp.pausatf.org /public_html/pagallery/content KA0Y6877_large.html
2010.03.08 01:31 B C:\Documents and Settings\ahill\Desktop\PA\pagallery\content\KA0Y6996_large.html --> ftp.pausatf.org /public_html/pagallery/content KA0Y6996_large.html
2010.03.08 01:31 B C:\Documents and Settings\ahill\Desktop\PA\pagallery\content\KA0Y7886_large.html --> ftp.pausatf.org /public_html/pagallery/content KA0Y7886_large.html
2010.03.08 01:31 B C:\Documents and Settings\ahill\Desktop\PA\pagallery\content\KA0Y7896_large.html --> ftp.pausatf.org /public_html/pagallery/content KA0Y7896_large.html
2010.03.08 01:31 B C:\Documents and Settings\ahill\Desktop\PA\pagallery\content\KA0Y7897_large.html --> ftp.pausatf.org /public_html/pagallery/content KA0Y7897_large.html
2010.03.08 01:31 B C:\Documents and Settings\ahill\Desktop\PA\pagallery\content\KA0Y7902_large.html --> ftp.pausatf.org /public_html/pagallery/content KA0Y7902_large.html
2010.03.08 01:31 B C:\Documents and Settings\ahill\Desktop\PA\pagallery\content\KA0Y7906_large.html --> ftp.pausatf.org /public_html/pagallery/content KA0Y7906_large.html
2010.03.08 01:31 B C:\Documents and Settings\ahill\Desktop\PA\pagallery\content\KA0Y7912_large.html --> ftp.pausatf.org /public_html/pagallery/content KA0Y7912_large.html
2010.03.08 01:31 B C:\Documents and Settings\ahill\Desktop\PA\pagallery\content\KA0Y7918_large.html --> ftp.pausatf.org /public_html/pagallery/content KA0Y7918_large.html
2010.03.08 01:31 B C:\Documents and Settings\ahill\Desktop\PA\pagallery\content\KA0Y8039_large.html --> ftp.pausatf.org /public_html/pagallery/content KA0Y8039_large.html
2010.03.08 01:31 B C:\Documents and Settings\ahill\Desktop\PA\pagallery\content\KA0Y8051_large.html --> ftp.pausatf.org /public_html/pagallery/content KA0Y8051_large.html
2010.03.08 01:31 B C:\Documents and Settings\ahill\Desktop\PA\pagallery\content\KA0Y8058_large.html --> ftp.pausatf.org /public_html/pagallery/content KA0Y8058_large.html
2010.03.08 01:31 B C:\Documents and Settings\ahill\Desktop\PA\pagallery\content\KA0Y8072_large.html --> ftp.pausatf.org /public_html/pagallery/content KA0Y8072_large.html
2010.03.08 01:31 B C:\Documents and Settings\ahill\Desktop\PA\pagallery\content\KA0Y8081_large.html --> ftp.pausatf.org /public_html/pagallery/content KA0Y8081_large.html
2010.03.08 01:31 B C:\Documents and Settings\ahill\Desktop\PA\pagallery\content\KA0Y8082_large.html --> ftp.pausatf.org /public_html/pagallery/content KA0Y8082_large.html
2010.03.08 01:31 B C:\Documents and Settings\ahill\Desktop\PA\pagallery\content\KA0Y8109_large.html --> ftp.pausatf.org /public_html/pagallery/content KA0Y8109_large.html
2010.03.08 01:31 B C:\Documents and Settings\ahill\Desktop\PA\pagallery\content\KA0Y8118_large.html --> ftp.pausatf.org /public_html/pagallery/content KA0Y8118_large.html
2010.03.08 01:31 B C:\Documents and Settings\ahill\Desktop\PA\pagallery\content\KA0Y8130_large.html --> ftp.pausatf.org /public_html/pagallery/content KA0Y8130_large.html
2010.03.08 01:31 B C:\Documents and Settings\ahill\Desktop\PA\pagallery\content\KA0Y8146_large.html --> ftp.pausatf.org /public_html/pagallery/content KA0Y8146_large.html
2010.03.08 01:31 B C:\Documents and Settings\ahill\Desktop\PA\pagallery\content\KA0Y8151_large.html --> ftp.pausatf.org /public_html/pagallery/content KA0Y8151_large.html
2010.03.08 01:31 B C:\Documents and Settings\ahill\Desktop\PA\pagallery\content\KA0Y8156_large.html --> ftp.pausatf.org /public_html/pagallery/content KA0Y8156_large.html
2010.03.08 01:31 B C:\Documents and Settings\ahill\Desktop\PA\pagallery\content\KA0Y8162_large.html --> ftp.pausatf.org /public_html/pagallery/content KA0Y8162_large.html
2010.03.08 01:31 B C:\Documents and Settings\ahill\Desktop\PA\pagallery\content\KA0Y8172_large.html --> ftp.pausatf.org /public_html/pagallery/content KA0Y8172_large.html
2010.03.08 01:31 B C:\Documents and Settings\ahill\Desktop\PA\pagallery\content\KA0Y8179_large.html --> ftp.pausatf.org /public_html/pagallery/content KA0Y8179_large.html
2010.03.08 01:31 B C:\Documents and Settings\ahill\Desktop\PA\pagallery\content\KA0Y8181_large.html --> ftp.pausatf.org /public_html/pagallery/content KA0Y8181_large.html
2010.03.08 01:31 B C:\Documents and Settings\ahill\Desktop\PA\pagallery\content\KA0Y8193_large.html --> ftp.pausatf.org /public_html/pagallery/content KA0Y8193_large.html
2010.03.08 01:31 B C:\Documents and Settings\ahill\Desktop\PA\pagallery\content\KA0Y8195_large.html --> ftp.pausatf.org /public_html/pagallery/content KA0Y8195_large.html
2010.03.08 01:31 B C:\Documents and Settings\ahill\Desktop\PA\pagallery\content\KA0Y8201_large.html --> ftp.pausatf.org /public_html/pagallery/content KA0Y8201_large.html
2010.03.08 01:31 B C:\Documents and Settings\ahill\Desktop\PA\pagallery\content\KA0Y8204_large.html --> ftp.pausatf.org /public_html/pagallery/content KA0Y8204_large.html
2010.03.08 01:31 B C:\Documents and Settings\ahill\Desktop\PA\pagallery\content\KA0Y8213_large.html --> ftp.pausatf.org /public_html/pagallery/content KA0Y8213_large.html
2010.03.08 01:31 B C:\Documents and Settings\ahill\Desktop\PA\pagallery\content\KA0Y8225_large.html --> ftp.pausatf.org /public_html/pagallery/content KA0Y8225_large.html
2010.03.08 01:31 B C:\Documents and Settings\ahill\Desktop\PA\pagallery\content\KA0Y8241_large.html --> ftp.pausatf.org /public_html/pagallery/content KA0Y8241_large.html
2010.03.08 01:31 B C:\Documents and Settings\ahill\Desktop\PA\pagallery\content\KA0Y8263_large.html --> ftp.pausatf.org /public_html/pagallery/content KA0Y8263_large.html
2010.03.08 01:31 B C:\Documents and Settings\ahill\Desktop\PA\pagallery\content\KA0Y8274_large.html --> ftp.pausatf.org /public_html/pagallery/content KA0Y8274_large.html
2010.03.08 01:31 B C:\Documents and Settings\ahill\Desktop\PA\pagallery\content\KA0Y8279_large.html --> ftp.pausatf.org /public_html/pagallery/content KA0Y8279_large.html
2010.03.08 01:31 B C:\Documents and Settings\ahill\Desktop\PA\pagallery\content\KA0Y8302_large.html --> ftp.pausatf.org /public_html/pagallery/content KA0Y8302_large.html
2010.03.08 01:31 B C:\Documents and Settings\ahill\Desktop\PA\pagallery\content\KA0Y8308_large.html --> ftp.pausatf.org /public_html/pagallery/content KA0Y8308_large.html
2010.03.08 01:31 B C:\Documents and Settings\ahill\Desktop\PA\pagallery\content\KA0Y8315_large.html --> ftp.pausatf.org /public_html/pagallery/content KA0Y8315_large.html
2010.03.08 01:31 B C:\Documents and Settings\ahill\Desktop\PA\pagallery\content\KA0Y8325_large.html --> ftp.pausatf.org /public_html/pagallery/content KA0Y8325_large.html
2010.03.08 01:31 B C:\Documents and Settings\ahill\Desktop\PA\pagallery\content\KA0Y8353_large.html --> ftp.pausatf.org /public_html/pagallery/content KA0Y8353_large.html
2010.03.08 01:31 B C:\Documents and Settings\ahill\Desktop\PA\pagallery\content\KA0Y8390_large.html --> ftp.pausatf.org /public_html/pagallery/content KA0Y8390_large.html
2010.03.08 01:31 B C:\Documents and Settings\ahill\Desktop\PA\pagallery\content\KA0Y8411_large.html --> ftp.pausatf.org /public_html/pagallery/content KA0Y8411_large.html
2010.03.08 01:31 B C:\Documents and Settings\ahill\Desktop\PA\pagallery\content\KA0Y8436_large.html --> ftp.pausatf.org /public_html/pagallery/content KA0Y8436_large.html
2010.03.08 01:31 B C:\Documents and Settings\ahill\Desktop\PA\pagallery\content\KA0Y8453_large.html --> ftp.pausatf.org /public_html/pagallery/content KA0Y8453_large.html
2010.03.08 01:31 B C:\Documents and Settings\ahill\Desktop\PA\pagallery\content\KA0Y8460_large.html --> ftp.pausatf.org /public_html/pagallery/content KA0Y8460_large.html
2010.03.08 01:31 B C:\Documents and Settings\ahill\Desktop\PA\pagallery\content\KA0Y8488_large.html --> ftp.pausatf.org /public_html/pagallery/content KA0Y8488_large.html
2010.03.08 01:31 B C:\Documents and Settings\ahill\Desktop\PA\pagallery\content\KA0Y8510_large.html --> ftp.pausatf.org /public_html/pagallery/content KA0Y8510_large.html
2010.03.08 01:31 B C:\Documents and Settings\ahill\Desktop\PA\pagallery\content\KA0Y8514_large.html --> ftp.pausatf.org /public_html/pagallery/content KA0Y8514_large.html
2010.03.08 01:31 B C:\Documents and Settings\ahill\Desktop\PA\pagallery\content\KA0Y8534_large.html --> ftp.pausatf.org /public_html/pagallery/content KA0Y8534_large.html
2010.03.08 01:31 B C:\Documents and Settings\ahill\Desktop\PA\pagallery\content\KA0Y8540_large.html --> ftp.pausatf.org /public_html/pagallery/content KA0Y8540_large.html
2010.03.08 01:31 B C:\Documents and Settings\ahill\Desktop\PA\pagallery\content\KA0Y8559_large.html --> ftp.pausatf.org /public_html/pagallery/content KA0Y8559_large.html
2010.03.08 01:31 B C:\Documents and Settings\ahill\Desktop\PA\pagallery\content\KA0Y8575_large.html --> ftp.pausatf.org /public_html/pagallery/content KA0Y8575_large.html
2010.03.08 01:31 B C:\Documents and Settings\ahill\Desktop\PA\pagallery\content\KA0Y8585_large.html --> ftp.pausatf.org /public_html/pagallery/content KA0Y8585_large.html
2010.03.08 01:31 B C:\Documents and Settings\ahill\Desktop\PA\pagallery\content\KA0Y8617_large.html --> ftp.pausatf.org /public_html/pagallery/content KA0Y8617_large.html
2010.03.08 01:31 B C:\Documents and Settings\ahill\Desktop\PA\pagallery\content\KA0Y8634_large.html --> ftp.pausatf.org /public_html/pagallery/content KA0Y8634_large.html
2010.03.08 01:31 B C:\Documents and Settings\ahill\Desktop\PA\pagallery\content\logo.png --> ftp.pausatf.org /public_html/pagallery/content logo.png
2010.03.08 01:31 B C:\Documents and Settings\ahill\Desktop\PA\pagallery\content\PACKA0Y7123_large.html --> ftp.pausatf.org /public_html/pagallery/content PACKA0Y7123_large.html
2010.03.08 01:32 B C:\Documents and Settings\ahill\Desktop\PA\pagallery\content\PACKA0Y7124_large.html --> ftp.pausatf.org /public_html/pagallery/content PACKA0Y7124_large.html
2010.03.08 01:32 B C:\Documents and Settings\ahill\Desktop\PA\pagallery\content\PACKA0Y7131_800_large.html --> ftp.pausatf.org /public_html/pagallery/content PACKA0Y7131_800_large.html
2010.03.08 01:32 B C:\Documents and Settings\ahill\Desktop\PA\pagallery\content\PACKA0Y7149_800_large.html --> ftp.pausatf.org /public_html/pagallery/content PACKA0Y7149_800_large.html
2010.03.08 01:32 B C:\Documents and Settings\ahill\Desktop\PA\pagallery\content\PACKA0Y7152_800_large.html --> ftp.pausatf.org /public_html/pagallery/content PACKA0Y7152_800_large.html
2010.03.08 01:32 B C:\Documents and Settings\ahill\Desktop\PA\pagallery\content\PACKA0Y7177_800_large.html --> ftp.pausatf.org /public_html/pagallery/content PACKA0Y7177_800_large.html
2010.03.08 01:32 B C:\Documents and Settings\ahill\Desktop\PA\pagallery\content\PACKA0Y7181_800_large.html --> ftp.pausatf.org /public_html/pagallery/content PACKA0Y7181_800_large.html
2010.03.08 01:32 B C:\Documents and Settings\ahill\Desktop\PA\pagallery\content\PACKA0Y7188_800_large.html --> ftp.pausatf.org /public_html/pagallery/content PACKA0Y7188_800_large.html
2010.03.08 01:32 B C:\Documents and Settings\ahill\Desktop\PA\pagallery\content\PACKA0Y7207_800_large.html --> ftp.pausatf.org /public_html/pagallery/content PACKA0Y7207_800_large.html
2010.03.08 01:32 B C:\Documents and Settings\ahill\Desktop\PA\pagallery\content\PACKA0Y7210_800_large.html --> ftp.pausatf.org /public_html/pagallery/content PACKA0Y7210_800_large.html
2010.03.08 01:32 B C:\Documents and Settings\ahill\Desktop\PA\pagallery\content\PACKA0Y7227_800_large.html --> ftp.pausatf.org /public_html/pagallery/content PACKA0Y7227_800_large.html
2010.03.08 01:32 B C:\Documents and Settings\ahill\Desktop\PA\pagallery\content\PACKA0Y7243_800_large.html --> ftp.pausatf.org /public_html/pagallery/content PACKA0Y7243_800_large.html
2010.03.08 01:32 B C:\Documents and Settings\ahill\Desktop\PA\pagallery\content\PACKA0Y7245_800_large.html --> ftp.pausatf.org /public_html/pagallery/content PACKA0Y7245_800_large.html
2010.03.08 01:32 B C:\Documents and Settings\ahill\Desktop\PA\pagallery\content\PACKA0Y7247_800_large.html --> ftp.pausatf.org /public_html/pagallery/content PACKA0Y7247_800_large.html
2010.03.08 01:32 B C:\Documents and Settings\ahill\Desktop\PA\pagallery\content\Picture_311_large.html --> ftp.pausatf.org /public_html/pagallery/content Picture_311_large.html
2010.03.08 01:32 B C:\Documents and Settings\ahill\Desktop\PA\pagallery\content\Picture_318_large.html --> ftp.pausatf.org /public_html/pagallery/content Picture_318_large.html
2010.03.08 01:32 B C:\Documents and Settings\ahill\Desktop\PA\pagallery\content\Picture_322_large.html --> ftp.pausatf.org /public_html/pagallery/content Picture_322_large.html
2010.03.08 01:32 B C:\Documents and Settings\ahill\Desktop\PA\pagallery\content\Picture_323_large.html --> ftp.pausatf.org /public_html/pagallery/content Picture_323_large.html
2010.03.08 01:32 B C:\Documents and Settings\ahill\Desktop\PA\pagallery\content\Picture_333_large.html --> ftp.pausatf.org /public_html/pagallery/content Picture_333_large.html
2010.03.08 01:32 B C:\Documents and Settings\ahill\Desktop\PA\pagallery\content\Picture_359_large.html --> ftp.pausatf.org /public_html/pagallery/content Picture_359_large.html
2010.03.08 01:32 B C:\Documents and Settings\ahill\Desktop\PA\pagallery\content\Picture_362_large.html --> ftp.pausatf.org /public_html/pagallery/content Picture_362_large.html
2010.03.08 01:32 B C:\Documents and Settings\ahill\Desktop\PA\pagallery\content\Picture_373_large.html --> ftp.pausatf.org /public_html/pagallery/content Picture_373_large.html
2010.03.08 01:32 B C:\Documents and Settings\ahill\Desktop\PA\pagallery\content\Picture_393_large.html --> ftp.pausatf.org /public_html/pagallery/content Picture_393_large.html
