2012.03.04 23:11 B E:\sbs\Source Files\3_p2_meetschedule.psd <-- lsitrackclub.com /sbs/Source Files 3_p2_meetschedule.psd
2012.03.04 23:11 B E:\sbs\Source Files\3_p2_practice.psd <-- lsitrackclub.com /sbs/Source Files 3_p2_practice.psd
2012.03.04 23:11 B E:\sbs\Source Files\4_p1_alexandradiaz.psd <-- lsitrackclub.com /sbs/Source Files 4_p1_alexandradiaz.psd
2012.03.04 23:11 B E:\sbs\Source Files\4_p1_bryantcanada.psd <-- lsitrackclub.com /sbs/Source Files 4_p1_bryantcanada.psd
2012.03.04 23:11 B E:\sbs\Source Files\4_p1_cydneyleath.psd <-- lsitrackclub.com /sbs/Source Files 4_p1_cydneyleath.psd
2012.03.04 23:11 B E:\sbs\Source Files\4_p1_giannahatchett.psd <-- lsitrackclub.com /sbs/Source Files 4_p1_giannahatchett.psd
2012.03.04 23:11 B E:\sbs\Source Files\4_p1_giovannaraffin.psd <-- lsitrackclub.com /sbs/Source Files 4_p1_giovannaraffin.psd
2012.03.04 23:11 B E:\sbs\Source Files\4_p1_katiemnelms.psd <-- lsitrackclub.com /sbs/Source Files 4_p1_katiemnelms.psd
2012.03.04 23:11 B E:\sbs\Source Files\4_p1_lsi.psd <-- lsitrackclub.com /sbs/Source Files 4_p1_lsi.psd
2012.03.04 23:11 B E:\sbs\Source Files\4_p1_malikegberuare.psd <-- lsitrackclub.com /sbs/Source Files 4_p1_malikegberuare.psd
2012.03.04 23:11 B E:\sbs\Source Files\4_p1_melissacabrera.psd <-- lsitrackclub.com /sbs/Source Files 4_p1_melissacabrera.psd
2012.03.04 23:11 B E:\sbs\Source Files\4_p1_sbs1.psd <-- lsitrackclub.com /sbs/Source Files 4_p1_sbs1.psd
2012.03.04 23:11 B E:\sbs\Source Files\4_p1_sbs2.jpg <-- lsitrackclub.com /sbs/Source Files 4_p1_sbs2.jpg
2012.03.04 23:11 B E:\sbs\Source Files\4_p1_sbs2.psd <-- lsitrackclub.com /sbs/Source Files 4_p1_sbs2.psd
2012.03.04 23:11 B E:\sbs\Source Files\4_p1_sbs3.psd <-- lsitrackclub.com /sbs/Source Files 4_p1_sbs3.psd
2012.03.04 23:11 B E:\sbs\Source Files\4_p1_sbs4.psd <-- lsitrackclub.com /sbs/Source Files 4_p1_sbs4.psd
2012.03.04 23:11 B E:\sbs\Source Files\4_p1_sydneybunol.psd <-- lsitrackclub.com /sbs/Source Files 4_p1_sydneybunol.psd
2012.03.04 23:11 B E:\sbs\Source Files\4_p1_tysonhill.psd <-- lsitrackclub.com /sbs/Source Files 4_p1_tysonhill.psd
2012.03.04 23:11 B E:\sbs\Source Files\4_p4_meetschedule.psd <-- lsitrackclub.com /sbs/Source Files 4_p4_meetschedule.psd
2012.03.04 23:11 B E:\sbs\Source Files\4_p4_practice.psd <-- lsitrackclub.com /sbs/Source Files 4_p4_practice.psd
2012.03.04 23:11 B E:\sbs\Source Files\adiaz.psd <-- lsitrackclub.com /sbs/Source Files adiaz.psd
2012.03.04 23:11 B E:\sbs\Source Files\adiaz_small.psd <-- lsitrackclub.com /sbs/Source Files adiaz_small.psd
2012.03.04 23:11 B E:\sbs\Source Files\athletesprofiles.psd <-- lsitrackclub.com /sbs/Source Files athletesprofiles.psd
2012.03.04 23:11 B E:\sbs\Source Files\back.psd <-- lsitrackclub.com /sbs/Source Files back.psd
2012.03.04 23:11 B E:\sbs\Source Files\backschedules.psd <-- lsitrackclub.com /sbs/Source Files backschedules.psd
2012.03.04 23:11 B E:\sbs\Source Files\backtonews.psd <-- lsitrackclub.com /sbs/Source Files backtonews.psd
2012.03.04 23:11 B E:\sbs\Source Files\bryant.psd <-- lsitrackclub.com /sbs/Source Files bryant.psd
2012.03.04 23:11 B E:\sbs\Source Files\bryant_small.psd <-- lsitrackclub.com /sbs/Source Files bryant_small.psd
2012.03.04 23:11 B E:\sbs\Source Files\cameron_profile.psd <-- lsitrackclub.com /sbs/Source Files cameron_profile.psd
2012.03.04 23:11 B E:\sbs\Source Files\cameron_small.psd <-- lsitrackclub.com /sbs/Source Files cameron_small.psd
2012.03.04 23:11 B E:\sbs\Source Files\coachesjournal.psd <-- lsitrackclub.com /sbs/Source Files coachesjournal.psd
2012.03.04 23:12 B E:\sbs\Source Files\coachesparents.psd <-- lsitrackclub.com /sbs/Source Files coachesparents.psd
2012.03.04 23:12 B E:\sbs\Source Files\coaclal.psd <-- lsitrackclub.com /sbs/Source Files coaclal.psd
2012.03.04 23:12 B E:\sbs\Source Files\coaclbyron.psd <-- lsitrackclub.com /sbs/Source Files coaclbyron.psd
2012.03.04 23:12 B E:\sbs\Source Files\contacts.psd <-- lsitrackclub.com /sbs/Source Files contacts.psd
2012.03.04 23:12 B E:\sbs\Source Files\cydney_profile.psd <-- lsitrackclub.com /sbs/Source Files cydney_profile.psd
2012.03.04 23:12 B E:\sbs\Source Files\frontpage.psd <-- lsitrackclub.com /sbs/Source Files frontpage.psd
2012.03.04 23:12 B E:\sbs\Source Files\ggirl02.psd <-- lsitrackclub.com /sbs/Source Files ggirl02.psd
2012.03.04 23:12 B E:\sbs\Source Files\ghatchett.psd <-- lsitrackclub.com /sbs/Source Files ghatchett.psd
2012.03.04 23:12 B E:\sbs\Source Files\ghatchett_profile.psd <-- lsitrackclub.com /sbs/Source Files ghatchett_profile.psd
2012.03.04 23:12 B E:\sbs\Source Files\gianna_small.jpg <-- lsitrackclub.com /sbs/Source Files gianna_small.jpg
2012.03.04 23:12 B E:\sbs\Source Files\gianna_small.psd <-- lsitrackclub.com /sbs/Source Files gianna_small.psd
2012.03.04 23:12 B E:\sbs\Source Files\journal.psd <-- lsitrackclub.com /sbs/Source Files journal.psd
2012.03.04 23:12 B E:\sbs\Source Files\katienelms.psd <-- lsitrackclub.com /sbs/Source Files katienelms.psd
2012.03.04 23:12 B E:\sbs\Source Files\loading.psd <-- lsitrackclub.com /sbs/Source Files loading.psd
2012.03.04 23:12 B E:\sbs\Source Files\malik.psd <-- lsitrackclub.com /sbs/Source Files malik.psd
2012.03.04 23:12 B E:\sbs\Source Files\meetinfo_header.psd <-- lsitrackclub.com /sbs/Source Files meetinfo_header.psd
2012.03.04 23:12 B E:\sbs\Source Files\meetreg_header.psd <-- lsitrackclub.com /sbs/Source Files meetreg_header.psd
2012.03.04 23:12 B E:\sbs\Source Files\meetschedule.psd <-- lsitrackclub.com /sbs/Source Files meetschedule.psd
2012.03.04 23:12 B E:\sbs\Source Files\melissa.psd <-- lsitrackclub.com /sbs/Source Files melissa.psd
2012.03.04 23:12 B E:\sbs\Source Files\newsblog.psd <-- lsitrackclub.com /sbs/Source Files newsblog.psd
2012.03.04 23:12 B E:\sbs\Source Files\nextnews.psd <-- lsitrackclub.com /sbs/Source Files nextnews.psd
2012.03.04 23:12 B E:\sbs\Source Files\parking_header.psd <-- lsitrackclub.com /sbs/Source Files parking_header.psd
2012.03.04 23:12 B E:\sbs\Source Files\philosophy.psd <-- lsitrackclub.com /sbs/Source Files philosophy.psd
2012.03.04 23:12 B E:\sbs\Source Files\profile.psd <-- lsitrackclub.com /sbs/Source Files profile.psd
2012.03.04 23:12 B E:\sbs\Source Files\profile_template.psd <-- lsitrackclub.com /sbs/Source Files profile_template.psd
2012.03.04 23:12 B E:\sbs\Source Files\sbs.psd <-- lsitrackclub.com /sbs/Source Files sbs.psd
2012.03.04 23:13 B E:\sbs\Source Files\sbs1.jpg <-- lsitrackclub.com /sbs/Source Files sbs1.jpg
2012.03.04 23:13 B E:\sbs\Source Files\schedules.psd <-- lsitrackclub.com /sbs/Source Files schedules.psd
2012.03.04 23:13 B E:\sbs\Source Files\slogan1.psd <-- lsitrackclub.com /sbs/Source Files slogan1.psd
2012.03.04 23:13 B E:\sbs\Source Files\syd.psd <-- lsitrackclub.com /sbs/Source Files syd.psd
2012.03.04 23:13 B E:\sbs\Source Files\syd_small.psd <-- lsitrackclub.com /sbs/Source Files syd_small.psd
2012.03.04 23:13 B E:\sbs\Source Files\template.psd <-- lsitrackclub.com /sbs/Source Files template.psd
2012.03.04 23:13 B E:\sbs\Source Files\thill.psd <-- lsitrackclub.com /sbs/Source Files thill.psd
2012.03.04 23:13 B E:\sbs\Source Files\Thumbs.db <-- lsitrackclub.com /sbs/Source Files Thumbs.db
2012.03.04 23:13 B E:\sbs\Source Files\tyson_template.psd <-- lsitrackclub.com /sbs/Source Files tyson_template.psd
2012.03.04 23:13 B E:\sbs\Source Files\tysonhill.psd <-- lsitrackclub.com /sbs/Source Files tysonhill.psd
2012.03.04 23:24 B E:\sbs\Source Files\3_p2_meetschedule.psd --> pausatf.org /public_html/data/2012/youth/sbs/Source Files 3_p2_meetschedule.psd
2012.03.04 23:24 B E:\sbs\Source Files\3_p2_practice.psd --> pausatf.org /public_html/data/2012/youth/sbs/Source Files 3_p2_practice.psd
2012.03.04 23:24 B E:\sbs\Source Files\4_p1_alexandradiaz.psd --> pausatf.org /public_html/data/2012/youth/sbs/Source Files 4_p1_alexandradiaz.psd
2012.03.04 23:24 B E:\sbs\Source Files\4_p1_bryantcanada.psd --> pausatf.org /public_html/data/2012/youth/sbs/Source Files 4_p1_bryantcanada.psd
2012.03.04 23:24 B E:\sbs\Source Files\4_p1_cydneyleath.psd --> pausatf.org /public_html/data/2012/youth/sbs/Source Files 4_p1_cydneyleath.psd
2012.03.04 23:24 B E:\sbs\Source Files\4_p1_giannahatchett.psd --> pausatf.org /public_html/data/2012/youth/sbs/Source Files 4_p1_giannahatchett.psd
2012.03.04 23:25 B E:\sbs\Source Files\4_p1_giovannaraffin.psd --> pausatf.org /public_html/data/2012/youth/sbs/Source Files 4_p1_giovannaraffin.psd
2012.03.04 23:25 B E:\sbs\Source Files\4_p1_katiemnelms.psd --> pausatf.org /public_html/data/2012/youth/sbs/Source Files 4_p1_katiemnelms.psd
2012.03.04 23:25 B E:\sbs\Source Files\4_p1_lsi.psd --> pausatf.org /public_html/data/2012/youth/sbs/Source Files 4_p1_lsi.psd
2012.03.04 23:25 B E:\sbs\Source Files\4_p1_malikegberuare.psd --> pausatf.org /public_html/data/2012/youth/sbs/Source Files 4_p1_malikegberuare.psd
2012.03.04 23:25 B E:\sbs\Source Files\4_p1_melissacabrera.psd --> pausatf.org /public_html/data/2012/youth/sbs/Source Files 4_p1_melissacabrera.psd
2012.03.04 23:25 B E:\sbs\Source Files\4_p1_sbs1.psd --> pausatf.org /public_html/data/2012/youth/sbs/Source Files 4_p1_sbs1.psd
2012.03.04 23:25 B E:\sbs\Source Files\4_p1_sbs2.jpg --> pausatf.org /public_html/data/2012/youth/sbs/Source Files 4_p1_sbs2.jpg
2012.03.04 23:25 B E:\sbs\Source Files\4_p1_sbs2.psd --> pausatf.org /public_html/data/2012/youth/sbs/Source Files 4_p1_sbs2.psd
2012.03.04 23:25 B E:\sbs\Source Files\4_p1_sbs3.psd --> pausatf.org /public_html/data/2012/youth/sbs/Source Files 4_p1_sbs3.psd
2012.03.04 23:25 B E:\sbs\Source Files\4_p1_sbs4.psd --> pausatf.org /public_html/data/2012/youth/sbs/Source Files 4_p1_sbs4.psd
2012.03.04 23:25 B E:\sbs\Source Files\4_p1_sydneybunol.psd --> pausatf.org /public_html/data/2012/youth/sbs/Source Files 4_p1_sydneybunol.psd
2012.03.04 23:25 B E:\sbs\Source Files\4_p1_tysonhill.psd --> pausatf.org /public_html/data/2012/youth/sbs/Source Files 4_p1_tysonhill.psd
2012.03.04 23:25 B E:\sbs\Source Files\4_p4_meetschedule.psd --> pausatf.org /public_html/data/2012/youth/sbs/Source Files 4_p4_meetschedule.psd
2012.03.04 23:25 B E:\sbs\Source Files\4_p4_practice.psd --> pausatf.org /public_html/data/2012/youth/sbs/Source Files 4_p4_practice.psd
2012.03.04 23:25 B E:\sbs\Source Files\adiaz.psd --> pausatf.org /public_html/data/2012/youth/sbs/Source Files adiaz.psd
2012.03.04 23:25 B E:\sbs\Source Files\adiaz_small.psd --> pausatf.org /public_html/data/2012/youth/sbs/Source Files adiaz_small.psd
2012.03.04 23:25 B E:\sbs\Source Files\athletesprofiles.psd --> pausatf.org /public_html/data/2012/youth/sbs/Source Files athletesprofiles.psd
2012.03.04 23:25 B E:\sbs\Source Files\back.psd --> pausatf.org /public_html/data/2012/youth/sbs/Source Files back.psd
2012.03.04 23:25 B E:\sbs\Source Files\backschedules.psd --> pausatf.org /public_html/data/2012/youth/sbs/Source Files backschedules.psd
2012.03.04 23:25 B E:\sbs\Source Files\backtonews.psd --> pausatf.org /public_html/data/2012/youth/sbs/Source Files backtonews.psd
2012.03.04 23:25 B E:\sbs\Source Files\bryant.psd --> pausatf.org /public_html/data/2012/youth/sbs/Source Files bryant.psd
2012.03.04 23:26 B E:\sbs\Source Files\bryant_small.psd --> pausatf.org /public_html/data/2012/youth/sbs/Source Files bryant_small.psd
2012.03.04 23:26 B E:\sbs\Source Files\cameron_profile.psd --> pausatf.org /public_html/data/2012/youth/sbs/Source Files cameron_profile.psd
2012.03.04 23:26 B E:\sbs\Source Files\cameron_small.psd --> pausatf.org /public_html/data/2012/youth/sbs/Source Files cameron_small.psd
2012.03.04 23:26 B E:\sbs\Source Files\coachesjournal.psd --> pausatf.org /public_html/data/2012/youth/sbs/Source Files coachesjournal.psd
2012.03.04 23:26 B E:\sbs\Source Files\coachesparents.psd --> pausatf.org /public_html/data/2012/youth/sbs/Source Files coachesparents.psd
2012.03.04 23:26 B E:\sbs\Source Files\coaclal.psd --> pausatf.org /public_html/data/2012/youth/sbs/Source Files coaclal.psd
2012.03.04 23:26 B E:\sbs\Source Files\coaclbyron.psd --> pausatf.org /public_html/data/2012/youth/sbs/Source Files coaclbyron.psd
2012.03.04 23:26 B E:\sbs\Source Files\contacts.psd --> pausatf.org /public_html/data/2012/youth/sbs/Source Files contacts.psd
2012.03.04 23:26 B E:\sbs\Source Files\cydney_profile.psd --> pausatf.org /public_html/data/2012/youth/sbs/Source Files cydney_profile.psd
2012.03.04 23:26 B E:\sbs\Source Files\frontpage.psd --> pausatf.org /public_html/data/2012/youth/sbs/Source Files frontpage.psd
2012.03.04 23:26 B E:\sbs\Source Files\ggirl02.psd --> pausatf.org /public_html/data/2012/youth/sbs/Source Files ggirl02.psd
2012.03.04 23:26 B E:\sbs\Source Files\ghatchett.psd --> pausatf.org /public_html/data/2012/youth/sbs/Source Files ghatchett.psd
2012.03.04 23:26 B E:\sbs\Source Files\ghatchett_profile.psd --> pausatf.org /public_html/data/2012/youth/sbs/Source Files ghatchett_profile.psd
2012.03.04 23:26 B E:\sbs\Source Files\gianna_small.jpg --> pausatf.org /public_html/data/2012/youth/sbs/Source Files gianna_small.jpg
2012.03.04 23:26 B E:\sbs\Source Files\gianna_small.psd --> pausatf.org /public_html/data/2012/youth/sbs/Source Files gianna_small.psd
2012.03.04 23:26 B E:\sbs\Source Files\journal.psd --> pausatf.org /public_html/data/2012/youth/sbs/Source Files journal.psd
2012.03.04 23:27 B E:\sbs\Source Files\katienelms.psd --> pausatf.org /public_html/data/2012/youth/sbs/Source Files katienelms.psd
2012.03.04 23:27 B E:\sbs\Source Files\loading.psd --> pausatf.org /public_html/data/2012/youth/sbs/Source Files loading.psd
2012.03.04 23:27 B E:\sbs\Source Files\malik.psd --> pausatf.org /public_html/data/2012/youth/sbs/Source Files malik.psd
2012.03.04 23:27 B E:\sbs\Source Files\meetinfo_header.psd --> pausatf.org /public_html/data/2012/youth/sbs/Source Files meetinfo_header.psd
2012.03.04 23:27 B E:\sbs\Source Files\meetreg_header.psd --> pausatf.org /public_html/data/2012/youth/sbs/Source Files meetreg_header.psd
2012.03.04 23:27 B E:\sbs\Source Files\meetschedule.psd --> pausatf.org /public_html/data/2012/youth/sbs/Source Files meetschedule.psd
2012.03.04 23:27 B E:\sbs\Source Files\melissa.psd --> pausatf.org /public_html/data/2012/youth/sbs/Source Files melissa.psd
2012.03.04 23:27 B E:\sbs\Source Files\newsblog.psd --> pausatf.org /public_html/data/2012/youth/sbs/Source Files newsblog.psd
2012.03.04 23:27 B E:\sbs\Source Files\nextnews.psd --> pausatf.org /public_html/data/2012/youth/sbs/Source Files nextnews.psd
2012.03.04 23:27 B E:\sbs\Source Files\parking_header.psd --> pausatf.org /public_html/data/2012/youth/sbs/Source Files parking_header.psd
2012.03.04 23:27 B E:\sbs\Source Files\philosophy.psd --> pausatf.org /public_html/data/2012/youth/sbs/Source Files philosophy.psd
2012.03.04 23:27 B E:\sbs\Source Files\profile.psd --> pausatf.org /public_html/data/2012/youth/sbs/Source Files profile.psd
2012.03.04 23:27 B E:\sbs\Source Files\profile_template.psd --> pausatf.org /public_html/data/2012/youth/sbs/Source Files profile_template.psd
2012.03.04 23:27 B E:\sbs\Source Files\sbs.psd --> pausatf.org /public_html/data/2012/youth/sbs/Source Files sbs.psd
2012.03.04 23:27 B E:\sbs\Source Files\sbs1.jpg --> pausatf.org /public_html/data/2012/youth/sbs/Source Files sbs1.jpg
2012.03.04 23:27 B E:\sbs\Source Files\schedules.psd --> pausatf.org /public_html/data/2012/youth/sbs/Source Files schedules.psd
2012.03.04 23:27 B E:\sbs\Source Files\slogan1.psd --> pausatf.org /public_html/data/2012/youth/sbs/Source Files slogan1.psd
2012.03.04 23:28 B E:\sbs\Source Files\syd.psd --> pausatf.org /public_html/data/2012/youth/sbs/Source Files syd.psd
2012.03.04 23:28 B E:\sbs\Source Files\syd_small.psd --> pausatf.org /public_html/data/2012/youth/sbs/Source Files syd_small.psd
2012.03.04 23:28 B E:\sbs\Source Files\template.psd --> pausatf.org /public_html/data/2012/youth/sbs/Source Files template.psd
2012.03.04 23:28 B E:\sbs\Source Files\thill.psd --> pausatf.org /public_html/data/2012/youth/sbs/Source Files thill.psd
2012.03.04 23:28 B E:\sbs\Source Files\Thumbs.db --> pausatf.org /public_html/data/2012/youth/sbs/Source Files Thumbs.db
2012.03.04 23:28 B E:\sbs\Source Files\tyson_template.psd --> pausatf.org /public_html/data/2012/youth/sbs/Source Files tyson_template.psd
2012.03.04 23:28 B E:\sbs\Source Files\tysonhill.psd --> pausatf.org /public_html/data/2012/youth/sbs/Source Files tysonhill.psd
